#
# A fatal error has been detected by the Java Runtime Environment:
#
#  EXCEPTION_ACCESS_VIOLATION (0xc0000005) at pc=0x00007ffbf36ef2a9, pid=4416, tid=560
#
# JRE version: OpenJDK Runtime Environment Zulu17.62+17-CA (17.0.17+10) (build 17.0.17+10-LTS)
# Java VM: OpenJDK 64-Bit Server VM Zulu17.62+17-CA (17.0.17+10-LTS, mixed mode, sharing, tiered, compressed oops, compressed class ptrs, g1 gc, windows-amd64)
# Problematic frame:
# V  [jvm.dll+0x30f2a9]
#
# No core dump will be written. Minidumps are not enabled by default on client versions of Windows
#
# If you would like to submit a bug report, please visit:
#   http://www.azul.com/support/
#

---------------  S U M M A R Y ------------

Command Line: -Dfile.encoding=UTF-8 --add-opens=java.base/java.util=ALL-UNNAMED --add-opens=java.base/java.lang=ALL-UNNAMED --add-opens=java.base/java.lang.invoke=ALL-UNNAMED --add-opens=java.prefs/java.util.prefs=ALL-UNNAMED --add-opens=java.base/java.nio.charset=ALL-UNNAMED --add-opens=java.base/java.net=ALL-UNNAMED --add-opens=java.base/java.util.concurrent.atomic=ALL-UNNAMED -Xmx3G -Dfile.encoding=utf-8 -Duser.country=CN -Duser.language=zh -Duser.variant -javaagent:D:\gradle\gradle-8.1.1-bin\9wiye5v2saajue4irfo8ybqfp\gradle-8.1.1\lib\agents\gradle-instrumentation-agent-8.1.1.jar org.gradle.launcher.daemon.bootstrap.GradleDaemon 8.1.1

Host: 13th Gen Intel(R) Core(TM) i5-13490F, 16 cores, 31G,  Windows 10 , 64 bit Build 19041 (10.0.19041.5915)
Time: Tue Nov 11 02:26:28 2025  Windows 10 , 64 bit Build 19041 (10.0.19041.5915) elapsed time: 5.860864 seconds (0d 0h 0m 5s)

---------------  T H R E A D  ---------------

Current thread (0x0000026874310b60):  GCTaskThread "GC Thread#2" [stack: 0x000000a47fa00000,0x000000a47fb00000] [id=560]

Stack: [0x000000a47fa00000,0x000000a47fb00000],  sp=0x000000a47faff800,  free space=1022k
Native frames: (J=compiled Java code, j=interpreted, Vv=VM code, C=native code)
V  [jvm.dll+0x30f2a9]
V  [jvm.dll+0x30ee98]
V  [jvm.dll+0x2e29d9]
V  [jvm.dll+0x2e308a]
V  [jvm.dll+0x2e3187]
V  [jvm.dll+0x2e87db]
V  [jvm.dll+0x86aebb]
V  [jvm.dll+0x86af06]
V  [jvm.dll+0x7ec93c]
V  [jvm.dll+0x684497]
C  [ucrtbase.dll+0x21bb2]
C  [KERNEL32.DLL+0x17374]
C  [ntdll.dll+0x4cc91]


siginfo: EXCEPTION_ACCESS_VIOLATION (0xc0000005), reading address 0x0000000000100000


Registers:
RAX=0x0000000000000000, RBX=0x000000074692bc95, RCX=0x0000000000000015, RDX=0x0000000000000000
RSP=0x000000a47faff800, RBP=0x0000000000000371, RSI=0x000000074692bc94, RDI=0x0000026878e942a0
R8 =0x00000007473510a8, R9 =0x000000074061a918, R10=0x0000000000100000, R11=0x00007ffc1ad714d3
R12=0x0000000000000003, R13=0x0000026878e942a0, R14=0x0000000000000000, R15=0x0000000000000000
RIP=0x00007ffbf36ef2a9, EFLAGS=0x0000000000010246

XMM[0]=0x0000000001464898 0x000000074692bc7b
XMM[1]=0xe90b6b36e90b6bd9 0x00000000e90b6afe
XMM[2]=0xe90b74d1e90b43b6 0xe90b5fa0e98e74a6
XMM[3]=0xe90b6483e90b63ba 0xe98e6097e90b62f8
XMM[4]=0xe90b6788e90b7976 0xe90b6e90e98e667e
XMM[5]=0x00000000e90b6b39 0xe90b6b36e90b6bd9
XMM[6]=0x0000000000000000 0x00000000037d6455
XMM[7]=0x0000000000000000 0x0000000000000000
XMM[8]=0x0000000000000000 0x0000000000000000
XMM[9]=0x0000000000000000 0x0000000000000000
XMM[10]=0x0000000000000000 0x0000000000000000
XMM[11]=0x0000000000000000 0x0000000000000000
XMM[12]=0x0000000000000000 0x0000000000000000
XMM[13]=0x0000000000000000 0x0000000000000000
XMM[14]=0x0000000000000000 0x0000000000000000
XMM[15]=0x0000000000000000 0x0000000000000000
  MXCSR=0x00001fa0


Register to memory mapping:

RIP=0x00007ffbf36ef2a9 jvm.dll
RAX=0x0 is NULL
RBX=0x000000074692bc95 is pointing into object: java.beans.PropertyDescriptor 
{0x000000074692bc78} - klass: 'java/beans/PropertyDescriptor'
 - ---- fields (total size 9 words):
 - private 'expert' 'Z' @12  false
 - private 'hidden' 'Z' @13  false
 - private 'preferred' 'Z' @14  false
 - private 'classRef' 'Ljava/lang/ref/Reference;' @16  a 'java/lang/ref/WeakReference'{0x000000074692bcc0} (e8d25798)
 - private 'shortDescription' 'Ljava/lang/String;' @20  NULL (0)
 - private 'name' 'Ljava/lang/String;' @24  "excludes"{0x00000007473510a8} (e8e6a215)
 - private 'displayName' 'Ljava/lang/String;' @28  
[error occurred during error reporting (printing register info), id 0xc0000005, EXCEPTION_ACCESS_VIOLATION (0xc0000005) at pc=0x00007ffbf377a12e]

Top of Stack: (sp=0x000000a47faff800)
0x000000a47faff800:   00000007435c0000 0000000000000001
0x000000a47faff810:   0000000000000008 0000000000000001
0x000000a47faff820:   000002682dd0f670 00000268738d2b80
0x000000a47faff830:   000000000000f132 0000000003a0f132
0x000000a47faff840:   000002680c4dfad0 00007ffbf36eee98
0x000000a47faff850:   0000026878e942a0 0000026878e942a0
0x000000a47faff860:   0000000003a0f132 0000000003a0f132
0x000000a47faff870:   000000a47faff8e0 00007ffbf36c29d9
0x000000a47faff880:   000000074c8f41ba 0000000000000013
0x000000a47faff890:   000000a47faff950 0000000000000000
0x000000a47faff8a0:   000000a47e6fee00 00007ffbf3a5e9cf
0x000000a47faff8b0:   0000000000000000 0000000000000000
0x000000a47faff8c0:   0000000000000000 0000000000000000
0x000000a47faff8d0:   0000000000000000 00007ffbf3bdaff7
0x000000a47faff8e0:   000002682dd0f670 00000268738d2b80
0x000000a47faff8f0:   00000000000003d8 000002682dd0fa58
0x000000a47faff900:   0000000000000000 00007ffbf36c308a
0x000000a47faff910:   0000026878e942a0 0000000000000013
0x000000a47faff920:   000000a47e6fee00 0000000000000000
0x000000a47faff930:   00007ffbf3d44620 0000000000000001
0x000000a47faff940:   00000000037d6455 0000000000000000
0x000000a47faff950:   00007ffbf3d3cd68 0000000000000000
0x000000a47faff960:   0000000000000000 0000000000000000
0x000000a47faff970:   000002680c4e22b0 0000026878e942a0
0x000000a47faff980:   000002680c4dfad0 000000a47e6fee30
0x000000a47faff990:   0000000000000013 0000000000000000
0x000000a47faff9a0:   0000000000000000 0000000000000000
0x000000a47faff9b0:   000002682dd0f680 00007ffbf36c3187
0x000000a47faff9c0:   0000026878e942a0 0000000000000000
0x000000a47faff9d0:   00000268741f4ed0 000000a47e6fee00
0x000000a47faff9e0:   0000000000000015 0000000000000013
0x000000a47faff9f0:   000000a47e6fee00 00007ffbf36c87db 

Instructions: (pc=0x00007ffbf36ef2a9)
0x00007ffbf36ef1a9:   ff 48 8d 53 fe 48 8b cf e8 5a f4 ff ff e9 35 fd
0x00007ffbf36ef1b9:   ff ff 0f 1f 44 00 00 48 8b 77 10 8b ae 80 00 00
0x00007ffbf36ef1c9:   00 8b cd 8b 86 00 01 00 00 2b c8 81 e1 ff ff 01
0x00007ffbf36ef1d9:   00 41 3b ce 0f 86 e9 02 00 00 ff cd 81 e5 ff ff
0x00007ffbf36ef1e9:   01 00 89 ae 80 00 00 00 e8 4a 76 36 00 90 8b d5
0x00007ffbf36ef1f9:   8b 86 00 01 00 00 8b cd 48 8b 9e 80 01 00 00 2b
0x00007ffbf36ef209:   c8 81 e1 ff ff 01 00 81 f9 ff ff 01 00 48 8b 1c
0x00007ffbf36ef219:   eb 41 0f 44 cf 85 c9 75 3d 90 89 6c 24 50 48 8b
0x00007ffbf36ef229:   86 00 01 00 00 48 8b c8 48 c1 e9 20 ff c1 89 4c
0x00007ffbf36ef239:   24 54 3b e8 0f 85 77 02 00 00 48 c1 e1 20 48 0b
0x00007ffbf36ef249:   ca f0 48 0f b1 8e 00 01 00 00 0f 85 61 02 00 00
0x00007ffbf36ef259:   8b 86 00 01 00 00 f6 c3 01 0f 84 2f 01 00 00 8b
0x00007ffbf36ef269:   0d 7a 80 81 00 48 8d 73 ff 48 8b 47 08 44 8b 16
0x00007ffbf36ef279:   49 d3 e2 4c 03 15 5d 80 81 00 8b 88 b0 05 00 00
0x00007ffbf36ef289:   49 8b d2 48 8b 80 a0 05 00 00 48 d3 ea 0f b7 14
0x00007ffbf36ef299:   50 0f b7 c2 66 c1 e8 08 84 c0 0f 88 17 ff ff ff
0x00007ffbf36ef2a9:   4d 8b 02 41 0f b6 c0 24 03 3c 03 75 1e 44 38 3d
0x00007ffbf36ef2b9:   99 4a 88 00 74 0f 41 0f b6 c0 24 07 3c 05 75 05
0x00007ffbf36ef2c9:   4d 8b c7 eb 17 49 83 e0 fc eb 11 4d 8b c8 48 8b
0x00007ffbf36ef2d9:   cf 4d 8b c2 e8 1e ef ff ff 4c 8b c0 8b 0d fd 7f
0x00007ffbf36ef2e9:   81 00 49 8b d0 48 2b 15 eb 7f 81 00 48 d3 ea 89
0x00007ffbf36ef2f9:   16 49 8b d0 8b 0d 0d 53 88 00 48 33 d6 48 d3 ea
0x00007ffbf36ef309:   48 85 d2 0f 84 ae fe ff ff 48 8b 47 08 48 8b d6
0x00007ffbf36ef319:   8b 88 c0 01 00 00 48 8b 80 b0 01 00 00 48 d3 ea
0x00007ffbf36ef329:   48 8b 0c d0 8b 81 94 00 00 00 d1 e8 a8 01 0f 85
0x00007ffbf36ef339:   83 fe ff ff 48 8b 47 08 8b 88 b0 05 00 00 48 8b
0x00007ffbf36ef349:   80 a0 05 00 00 49 d3 e8 46 38 3c 40 0f 84 65 fe
0x00007ffbf36ef359:   ff ff 48 8b 47 60 48 c1 ee 09 48 8b 58 40 48 8b
0x00007ffbf36ef369:   48 38 48 03 de 48 2b d9 48 39 9f b0 01 00 00 0f
0x00007ffbf36ef379:   84 42 fe ff ff 48 8d 14 0b 48 8d 4f 18 e8 e5 40
0x00007ffbf36ef389:   00 00 48 89 9f b0 01 00 00 e9 29 fe ff ff f6 c3
0x00007ffbf36ef399:   03 0f 85 09 01 00 00 48 8b 47 08 4c 8b 13 49 8b 


Stack slot to memory mapping:
stack at sp + 0 slots: 0x00000007435c0000 is pointing into object: [B 
{0x00000007435bff98} - klass: {type array byte}
 - length: 147
stack at sp + 1 slots: 0x0000000000000001 is an unknown value
stack at sp + 2 slots: 0x0000000000000008 is an unknown value
stack at sp + 3 slots: 0x0000000000000001 is an unknown value
stack at sp + 4 slots: 0x000002682dd0f670 points into unknown readable memory: 0x0000026877d707f0 | f0 07 d7 77 68 02 00 00
stack at sp + 5 slots: 0x00000268738d2b80 points into unknown readable memory: 0x000002680000000d | 0d 00 00 00 68 02 00 00
stack at sp + 6 slots: 0x000000000000f132 is an unknown value
stack at sp + 7 slots: 0x0000000003a0f132 is an unknown value


---------------  P R O C E S S  ---------------

Threads class SMR info:
_java_thread_list=0x0000026876774d80, length=87, elements={
0x000002680c4bcfd0, 0x000002682dba77b0, 0x000002682dba8540, 0x000002682dc44860,
0x000002682dc48660, 0x000002682dc4b150, 0x000002682dc4ba20, 0x000002682dc4c620,
0x000002682dc4d340, 0x000002682dc4fc60, 0x000002682dd12a60, 0x000002682dd12f80,
0x000002682dde2c40, 0x000002682debd5f0, 0x0000026874998e50, 0x00000268753c50e0,
0x0000026874df0ab0, 0x0000026874c5cc40, 0x0000026874c5efb0, 0x0000026874c5f4c0,
0x0000026874c5d150, 0x0000026874c5db70, 0x0000026874c5d660, 0x0000026874c5bd10,
0x0000026874c5e080, 0x0000026874c5e590, 0x00000268754b6100, 0x00000268754b93a0,
0x00000268754b6b20, 0x00000268754b6610, 0x00000268754b8e90, 0x00000268754b98b0,
0x00000268754b7030, 0x00000268754bb200, 0x00000268754b51d0, 0x00000268754b7f60,
0x00000268754b9dc0, 0x00000268754b3d90, 0x00000268754bb710, 0x00000268754b42a0,
0x00000268754b47b0, 0x00000268754b4cc0, 0x0000026876045180, 0x000002687604b1b0,
0x0000026876045690, 0x000002687604b6c0, 0x00000268760474f0, 0x0000026876048e40,
0x000002687604a790, 0x00000268760460b0, 0x0000026876049350, 0x00000268760465c0,
0x0000026876048930, 0x0000026876046ad0, 0x0000026876049860, 0x000002687604aca0,
0x000002687604a280, 0x0000026876046fe0, 0x000002687604bbd0, 0x0000026876049d70,
0x000002687604c0e0, 0x0000026876044c70, 0x0000026876047a00, 0x0000026876048420,
0x000002687604c5f0, 0x0000026876045ba0, 0x0000026876047f10, 0x0000026877a90580,
0x0000026877a8e720, 0x0000026877a8c8c0, 0x0000026877a91ed0, 0x0000026877a8bea0,
0x0000026877a8c3b0, 0x0000026877a90070, 0x0000026877a8cdd0, 0x0000026877a8f650,
0x0000026877a8ec30, 0x0000026877a8d7f0, 0x0000026877a923e0, 0x0000026877a8dd00,
0x0000026877a90a90, 0x0000026877a8b990, 0x0000026877a914b0, 0x0000026877a8f140,
0x0000026877a919c0, 0x0000026877a93310, 0x000002687a566210
}

Java Threads: ( => current thread )
  0x000002680c4bcfd0 JavaThread "main" [_thread_blocked, id=7808, stack(0x000000a47e000000,0x000000a47e100000)]
  0x000002682dba77b0 JavaThread "Reference Handler" daemon [_thread_blocked, id=16012, stack(0x000000a47e700000,0x000000a47e800000)]
  0x000002682dba8540 JavaThread "Finalizer" daemon [_thread_blocked, id=7748, stack(0x000000a47e800000,0x000000a47e900000)]
  0x000002682dc44860 JavaThread "Signal Dispatcher" daemon [_thread_blocked, id=16160, stack(0x000000a47e900000,0x000000a47ea00000)]
  0x000002682dc48660 JavaThread "Attach Listener" daemon [_thread_blocked, id=12012, stack(0x000000a47ea00000,0x000000a47eb00000)]
  0x000002682dc4b150 JavaThread "Service Thread" daemon [_thread_blocked, id=964, stack(0x000000a47eb00000,0x000000a47ec00000)]
  0x000002682dc4ba20 JavaThread "Monitor Deflation Thread" daemon [_thread_blocked, id=2280, stack(0x000000a47ec00000,0x000000a47ed00000)]
  0x000002682dc4c620 JavaThread "C2 CompilerThread0" daemon [_thread_blocked, id=12492, stack(0x000000a47ed00000,0x000000a47ee00000)]
  0x000002682dc4d340 JavaThread "C1 CompilerThread0" daemon [_thread_blocked, id=11016, stack(0x000000a47ee00000,0x000000a47ef00000)]
  0x000002682dc4fc60 JavaThread "Sweeper thread" daemon [_thread_blocked, id=13364, stack(0x000000a47ef00000,0x000000a47f000000)]
  0x000002682dd12a60 JavaThread "C1 CompilerThread1" daemon [_thread_blocked, id=7984, stack(0x000000a47f000000,0x000000a47f100000)]
  0x000002682dd12f80 JavaThread "C1 CompilerThread2" daemon [_thread_blocked, id=16140, stack(0x000000a47f100000,0x000000a47f200000)]
  0x000002682dde2c40 JavaThread "Common-Cleaner" daemon [_thread_blocked, id=7504, stack(0x000000a47f200000,0x000000a47f300000)]
  0x000002682debd5f0 JavaThread "Notification Thread" daemon [_thread_blocked, id=5184, stack(0x000000a47f500000,0x000000a47f600000)]
  0x0000026874998e50 JavaThread "Daemon health stats" [_thread_blocked, id=10100, stack(0x000000a400400000,0x000000a400500000)]
  0x00000268753c50e0 JavaThread "Incoming local TCP Connector on port 61984" [_thread_in_native, id=5284, stack(0x000000a400500000,0x000000a400600000)]
  0x0000026874df0ab0 JavaThread "Daemon periodic checks" [_thread_blocked, id=3936, stack(0x000000a400600000,0x000000a400700000)]
  0x0000026874c5cc40 JavaThread "Daemon" [_thread_blocked, id=272, stack(0x000000a400700000,0x000000a400800000)]
  0x0000026874c5efb0 JavaThread "Handler for socket connection from /127.0.0.1:61984 to /127.0.0.1:61985" [_thread_in_native, id=2316, stack(0x000000a400800000,0x000000a400900000)]
  0x0000026874c5f4c0 JavaThread "Cancel handler" [_thread_blocked, id=15404, stack(0x000000a400900000,0x000000a400a00000)]
  0x0000026874c5d150 JavaThread "Daemon worker" [_thread_blocked, id=9336, stack(0x000000a400a00000,0x000000a400b00000)]
  0x0000026874c5db70 JavaThread "Asynchronous log dispatcher for DefaultDaemonConnection: socket connection from /127.0.0.1:61984 to /127.0.0.1:61985" [_thread_blocked, id=2548, stack(0x000000a400b00000,0x000000a400c00000)]
  0x0000026874c5d660 JavaThread "Stdin handler" [_thread_blocked, id=1456, stack(0x000000a400c00000,0x000000a400d00000)]
  0x0000026874c5bd10 JavaThread "Daemon client event forwarder" [_thread_blocked, id=8832, stack(0x000000a400d00000,0x000000a400e00000)]
  0x0000026874c5e080 JavaThread "Cache worker for journal cache (D:\gradle\user\caches\journal-1)" [_thread_blocked, id=10580, stack(0x000000a400e00000,0x000000a400f00000)]
  0x0000026874c5e590 JavaThread "File lock request listener" [_thread_in_native, id=11188, stack(0x000000a400f00000,0x000000a401000000)]
  0x00000268754b6100 JavaThread "Cache worker for file hash cache (D:\gradle\user\caches\8.1.1\fileHashes)" [_thread_blocked, id=13628, stack(0x000000a401000000,0x000000a401100000)]
  0x00000268754b93a0 JavaThread "File watcher server" daemon [_thread_in_native, id=9492, stack(0x000000a401100000,0x000000a401200000)]
  0x00000268754b6b20 JavaThread "File watcher consumer" daemon [_thread_blocked, id=7776, stack(0x000000a401200000,0x000000a401300000)]
  0x00000268754b6610 JavaThread "Cache worker for checksums cache (E:\mcprojects\forge1.20\Mountain-Sea-and-Continent1.20.1\.gradle\8.1.1\checksums)" [_thread_blocked, id=10004, stack(0x000000a401300000,0x000000a401400000)]
  0x00000268754b8e90 JavaThread "Cache worker for cache directory md-rule (D:\gradle\user\caches\8.1.1\md-rule)" [_thread_blocked, id=13844, stack(0x000000a401400000,0x000000a401500000)]
  0x00000268754b98b0 JavaThread "Cache worker for file content cache (D:\gradle\user\caches\8.1.1\fileContent)" [_thread_blocked, id=11476, stack(0x000000a401800000,0x000000a401900000)]
  0x00000268754b7030 JavaThread "Cache worker for file hash cache (E:\mcprojects\forge1.20\Mountain-Sea-and-Continent1.20.1\.gradle\8.1.1\fileHashes)" [_thread_blocked, id=13632, stack(0x000000a401900000,0x000000a401a00000)]
  0x00000268754bb200 JavaThread "Cache worker for cache directory md-supplier (D:\gradle\user\caches\8.1.1\md-supplier)" [_thread_blocked, id=2596, stack(0x000000a401a00000,0x000000a401b00000)]
  0x00000268754b51d0 JavaThread "Cache worker for execution history cache (D:\gradle\user\caches\8.1.1\executionHistory)" [_thread_blocked, id=4492, stack(0x000000a401b00000,0x000000a401c00000)]
  0x00000268754b7f60 JavaThread "jar transforms" [_thread_blocked, id=11380, stack(0x000000a401c00000,0x000000a401d00000)]
  0x00000268754b9dc0 JavaThread "jar transforms Thread 2" [_thread_blocked, id=7844, stack(0x000000a401d00000,0x000000a401e00000)]
  0x00000268754b3d90 JavaThread "jar transforms Thread 3" [_thread_blocked, id=4612, stack(0x000000a401e00000,0x000000a401f00000)]
  0x00000268754bb710 JavaThread "jar transforms Thread 4" [_thread_blocked, id=1956, stack(0x000000a401f00000,0x000000a402000000)]
  0x00000268754b42a0 JavaThread "jar transforms Thread 5" [_thread_blocked, id=12716, stack(0x000000a402000000,0x000000a402100000)]
  0x00000268754b47b0 JavaThread "jar transforms Thread 6" [_thread_blocked, id=15628, stack(0x000000a402100000,0x000000a402200000)]
  0x00000268754b4cc0 JavaThread "jar transforms Thread 7" [_thread_blocked, id=14636, stack(0x000000a402200000,0x000000a402300000)]
  0x0000026876045180 JavaThread "Unconstrained build operations" [_thread_blocked, id=10524, stack(0x000000a402500000,0x000000a402600000)]
  0x000002687604b1b0 JavaThread "Unconstrained build operations Thread 2" [_thread_blocked, id=10160, stack(0x000000a402600000,0x000000a402700000)]
  0x0000026876045690 JavaThread "jar transforms Thread 8" [_thread_blocked, id=9624, stack(0x000000a402700000,0x000000a402800000)]
  0x000002687604b6c0 JavaThread "jar transforms Thread 9" [_thread_blocked, id=1776, stack(0x000000a402800000,0x000000a402900000)]
  0x00000268760474f0 JavaThread "jar transforms Thread 10" [_thread_blocked, id=14268, stack(0x000000a402900000,0x000000a402a00000)]
  0x0000026876048e40 JavaThread "jar transforms Thread 11" [_thread_blocked, id=10744, stack(0x000000a402a00000,0x000000a402b00000)]
  0x000002687604a790 JavaThread "jar transforms Thread 12" [_thread_blocked, id=10636, stack(0x000000a402b00000,0x000000a402c00000)]
  0x00000268760460b0 JavaThread "Cache worker for dependencies-accessors (E:\mcprojects\forge1.20\Mountain-Sea-and-Continent1.20.1\.gradle\8.1.1\dependencies-accessors)" [_thread_blocked, id=10116, stack(0x000000a402c00000,0x000000a402d00000)]
  0x0000026876049350 JavaThread "jar transforms Thread 13" [_thread_blocked, id=15536, stack(0x000000a402d00000,0x000000a402e00000)]
  0x00000268760465c0 JavaThread "Cache worker for Build Output Cleanup Cache (E:\mcprojects\forge1.20\Mountain-Sea-and-Continent1.20.1\.gradle\buildOutputCleanup)" [_thread_blocked, id=14996, stack(0x000000a402e00000,0x000000a402f00000)]
  0x0000026876048930 JavaThread "Unconstrained build operations Thread 3" [_thread_blocked, id=596, stack(0x000000a402f00000,0x000000a403000000)]
  0x0000026876046ad0 JavaThread "Unconstrained build operations Thread 4" [_thread_blocked, id=3640, stack(0x000000a403000000,0x000000a403100000)]
  0x0000026876049860 JavaThread "Unconstrained build operations Thread 5" [_thread_blocked, id=7560, stack(0x000000a403100000,0x000000a403200000)]
  0x000002687604aca0 JavaThread "Unconstrained build operations Thread 6" [_thread_blocked, id=16232, stack(0x000000a403200000,0x000000a403300000)]
  0x000002687604a280 JavaThread "Unconstrained build operations Thread 7" [_thread_blocked, id=12856, stack(0x000000a403300000,0x000000a403400000)]
  0x0000026876046fe0 JavaThread "Unconstrained build operations Thread 8" [_thread_blocked, id=15328, stack(0x000000a403400000,0x000000a403500000)]
  0x000002687604bbd0 JavaThread "Unconstrained build operations Thread 9" [_thread_blocked, id=10392, stack(0x000000a403500000,0x000000a403600000)]
  0x0000026876049d70 JavaThread "Unconstrained build operations Thread 10" [_thread_blocked, id=2388, stack(0x000000a403600000,0x000000a403700000)]
  0x000002687604c0e0 JavaThread "Unconstrained build operations Thread 11" [_thread_blocked, id=7688, stack(0x000000a403700000,0x000000a403800000)]
  0x0000026876044c70 JavaThread "Unconstrained build operations Thread 12" [_thread_blocked, id=6568, stack(0x000000a403800000,0x000000a403900000)]
  0x0000026876047a00 JavaThread "Unconstrained build operations Thread 13" [_thread_blocked, id=16032, stack(0x000000a403900000,0x000000a403a00000)]
  0x0000026876048420 JavaThread "Unconstrained build operations Thread 14" [_thread_blocked, id=9140, stack(0x000000a403a00000,0x000000a403b00000)]
  0x000002687604c5f0 JavaThread "Unconstrained build operations Thread 15" [_thread_blocked, id=10032, stack(0x000000a403b00000,0x000000a403c00000)]
  0x0000026876045ba0 JavaThread "Unconstrained build operations Thread 16" [_thread_blocked, id=12936, stack(0x000000a403c00000,0x000000a403d00000)]
  0x0000026876047f10 JavaThread "Unconstrained build operations Thread 17" [_thread_blocked, id=3184, stack(0x000000a403d00000,0x000000a403e00000)]
  0x0000026877a90580 JavaThread "jar transforms Thread 14" [_thread_blocked, id=4420, stack(0x000000a403e00000,0x000000a403f00000)]
  0x0000026877a8e720 JavaThread "jar transforms Thread 15" [_thread_blocked, id=9808, stack(0x000000a403f00000,0x000000a404000000)]
  0x0000026877a8c8c0 JavaThread "jar transforms Thread 16" [_thread_blocked, id=10540, stack(0x000000a404000000,0x000000a404100000)]
  0x0000026877a91ed0 JavaThread "Keep-Alive-Timer" daemon [_thread_blocked, id=12892, stack(0x000000a402400000,0x000000a402500000)]
  0x0000026877a8bea0 JavaThread "Memory manager" [_thread_blocked, id=16376, stack(0x000000a404100000,0x000000a404200000)]
  0x0000026877a8c3b0 JavaThread "ForkJoinPool.commonPool-worker-1" daemon [_thread_blocked, id=14960, stack(0x000000a404800000,0x000000a404900000)]
  0x0000026877a90070 JavaThread "ForkJoinPool.commonPool-worker-2" daemon [_thread_blocked, id=13732, stack(0x000000a404900000,0x000000a404a00000)]
  0x0000026877a8cdd0 JavaThread "ForkJoinPool.commonPool-worker-3" daemon [_thread_blocked, id=5424, stack(0x000000a404a00000,0x000000a404b00000)]
  0x0000026877a8f650 JavaThread "ForkJoinPool.commonPool-worker-4" daemon [_thread_blocked, id=6132, stack(0x000000a404b00000,0x000000a404c00000)]
  0x0000026877a8ec30 JavaThread "ForkJoinPool.commonPool-worker-5" daemon [_thread_blocked, id=13356, stack(0x000000a404c00000,0x000000a404d00000)]
  0x0000026877a8d7f0 JavaThread "ForkJoinPool.commonPool-worker-6" daemon [_thread_blocked, id=15180, stack(0x000000a404d00000,0x000000a404e00000)]
  0x0000026877a923e0 JavaThread "ForkJoinPool.commonPool-worker-7" daemon [_thread_blocked, id=8260, stack(0x000000a404e00000,0x000000a404f00000)]
  0x0000026877a8dd00 JavaThread "ForkJoinPool.commonPool-worker-8" daemon [_thread_blocked, id=4060, stack(0x000000a404f00000,0x000000a405000000)]
  0x0000026877a90a90 JavaThread "ForkJoinPool.commonPool-worker-9" daemon [_thread_blocked, id=5076, stack(0x000000a405000000,0x000000a405100000)]
  0x0000026877a8b990 JavaThread "ForkJoinPool.commonPool-worker-10" daemon [_thread_blocked, id=8312, stack(0x000000a405100000,0x000000a405200000)]
  0x0000026877a914b0 JavaThread "ForkJoinPool.commonPool-worker-11" daemon [_thread_blocked, id=2692, stack(0x000000a405200000,0x000000a405300000)]
  0x0000026877a8f140 JavaThread "Exec process" [_thread_blocked, id=12680, stack(0x000000a405300000,0x000000a405400000)]
  0x0000026877a919c0 JavaThread "Exec process Thread 2" [_thread_blocked, id=1596, stack(0x000000a405400000,0x000000a405500000)]
  0x0000026877a93310 JavaThread "Exec process Thread 3" [_thread_blocked, id=11880, stack(0x000000a405500000,0x000000a405600000)]
  0x000002687a566210 JavaThread "C2 CompilerThread1" daemon [_thread_blocked, id=3944, stack(0x000000a402300000,0x000000a402400000)]

Other Threads:
  0x000002682dba3940 VMThread "VM Thread" [stack: 0x000000a47e600000,0x000000a47e700000] [id=6020]
  0x000002682deec0f0 WatcherThread [stack: 0x000000a47f600000,0x000000a47f700000] [id=5056]
  0x000002680c52c530 GCTaskThread "GC Thread#0" [stack: 0x000000a47e100000,0x000000a47e200000] [id=13156]
  0x00000268743105c0 GCTaskThread "GC Thread#1" [stack: 0x000000a47f900000,0x000000a47fa00000] [id=2892]
=>0x0000026874310b60 GCTaskThread "GC Thread#2" [stack: 0x000000a47fa00000,0x000000a47fb00000] [id=560]
  0x000002687430ef40 GCTaskThread "GC Thread#3" [stack: 0x000000a47fb00000,0x000000a47fc00000] [id=9932]
  0x000002687430f7b0 GCTaskThread "GC Thread#4" [stack: 0x000000a47fc00000,0x000000a47fd00000] [id=9092]
  0x000002687430fa80 GCTaskThread "GC Thread#5" [stack: 0x000000a47fd00000,0x000000a47fe00000] [id=11820]
  0x000002687430f4e0 GCTaskThread "GC Thread#6" [stack: 0x000000a47fe00000,0x000000a47ff00000] [id=10368]
  0x000002687430fd50 GCTaskThread "GC Thread#7" [stack: 0x000000a47ff00000,0x000000a480000000] [id=4992]
  0x0000026874310020 GCTaskThread "GC Thread#8" [stack: 0x000000a400000000,0x000000a400100000] [id=13924]
  0x0000026874310890 GCTaskThread "GC Thread#9" [stack: 0x000000a400100000,0x000000a400200000] [id=1728]
  0x000002687430f210 GCTaskThread "GC Thread#10" [stack: 0x000000a400200000,0x000000a400300000] [id=4440]
  0x000002687375eab0 GCTaskThread "GC Thread#11" [stack: 0x000000a400300000,0x000000a400400000] [id=15756]
  0x000002687375ce90 GCTaskThread "GC Thread#12" [stack: 0x000000a401500000,0x000000a401600000] [id=7472]
  0x000002680c5393a0 ConcurrentGCThread "G1 Main Marker" [stack: 0x000000a47e200000,0x000000a47e300000] [id=7624]
  0x000002680c53a470 ConcurrentGCThread "G1 Conc#0" [stack: 0x000000a47e300000,0x000000a47e400000] [id=2940]
  0x000002687375c080 ConcurrentGCThread "G1 Conc#1" [stack: 0x000000a401600000,0x000000a401700000] [id=16208]
  0x000002687375d430 ConcurrentGCThread "G1 Conc#2" [stack: 0x000000a401700000,0x000000a401800000] [id=5604]
  0x000002680c58e030 ConcurrentGCThread "G1 Refine#0" [stack: 0x000000a47e400000,0x000000a47e500000] [id=10372]
  0x000002680c58e980 ConcurrentGCThread "G1 Service" [stack: 0x000000a47e500000,0x000000a47e600000] [id=8660]

Threads with active compile tasks:
C2 CompilerThread0  5880 7127       4       org.gradle.internal.reflect.MutableClassDetails::instanceMethod (9 bytes)
C1 CompilerThread0  5880 7147       3       org.gradle.internal.operations.BuildOperationDescriptor::<init> (18 bytes)
C1 CompilerThread1  5880 7143       3       org.gradle.internal.operations.DefaultBuildOperationRunner::execute (147 bytes)
C1 CompilerThread2  5880 7146       3       org.gradle.internal.operations.BuildOperationDescriptor$Builder::build (54 bytes)
C2 CompilerThread1  5880 7139       4       org.gradle.internal.reflect.MethodSet::add (50 bytes)

VM state: at safepoint (normal execution)

VM Mutex/Monitor currently owned by a thread:  ([mutex/lock_event])
[0x000002680c4cdfa0] Threads_lock - owner thread: 0x000002682dba3940
[0x000002680c4ccd10] Heap_lock - owner thread: 0x0000026874c5d150

Heap address: 0x0000000740000000, size: 3072 MB, Compressed Oops mode: Zero based, Oop shift amount: 3

CDS archive(s) mapped at: [0x000002682e000000-0x000002682ebd0000-0x000002682ebd0000), size 12386304, SharedBaseAddress: 0x000002682e000000, ArchiveRelocationMode: 1.
Compressed class space mapped at: 0x000002682f000000-0x000002686f000000, reserved size: 1073741824
Narrow klass base: 0x000002682e000000, Narrow klass shift: 0, Narrow klass range: 0x100000000

GC Precious Log:
 CPUs: 16 total, 16 available
 Memory: 32605M
 Large Page Support: Disabled
 NUMA Support: Disabled
 Compressed Oops: Enabled (Zero based)
 Heap Region Size: 2M
 Heap Min Capacity: 8M
 Heap Initial Capacity: 510M
 Heap Max Capacity: 3G
 Pre-touch: Disabled
 Parallel Workers: 13
 Concurrent Workers: 3
 Concurrent Refinement Workers: 13
 Periodic GC: Disabled

Heap:
 garbage-first heap   total 307200K, used 219310K [0x0000000740000000, 0x0000000800000000)
  region size 2048K, 99 young (202752K), 10 survivors (20480K)
 Metaspace       used 59303K, committed 59904K, reserved 1114112K
  class space    used 8175K, committed 8448K, reserved 1048576K

Heap Regions: E=young(eden), S=young(survivor), O=old, HS=humongous(starts), HC=humongous(continues), CS=collection set, F=free, OA=open archive, CA=closed archive, TAMS=top-at-mark-start (previous, next)
|   0|0x0000000740000000, 0x0000000740200000, 0x0000000740200000|100%|HS|  |TAMS 0x0000000740200000, 0x0000000740000000| Complete 
|   1|0x0000000740200000, 0x0000000740400000, 0x0000000740400000|100%|HC|  |TAMS 0x0000000740400000, 0x0000000740200000| Complete 
|   2|0x0000000740400000, 0x0000000740600000, 0x0000000740600000|100%| O|  |TAMS 0x0000000740600000, 0x0000000740400000| Untracked 
|   3|0x0000000740600000, 0x0000000740800000, 0x0000000740800000|100%| O|  |TAMS 0x0000000740800000, 0x0000000740600000| Untracked 
|   4|0x0000000740800000, 0x0000000740a00000, 0x0000000740a00000|100%| O|  |TAMS 0x0000000740a00000, 0x0000000740800000| Untracked 
|   5|0x0000000740a00000, 0x0000000740c00000, 0x0000000740c00000|100%| O|  |TAMS 0x0000000740a00000, 0x0000000740a00000| Untracked 
|   6|0x0000000740c00000, 0x0000000740e00000, 0x0000000740e00000|100%| O|  |TAMS 0x0000000740e00000, 0x0000000740c00000| Untracked 
|   7|0x0000000740e00000, 0x0000000741000000, 0x0000000741000000|100%| O|  |TAMS 0x0000000741000000, 0x0000000740e00000| Untracked 
|   8|0x0000000741000000, 0x0000000741200000, 0x0000000741200000|100%| O|  |TAMS 0x0000000741200000, 0x0000000741000000| Untracked 
|   9|0x0000000741200000, 0x0000000741400000, 0x0000000741400000|100%| O|  |TAMS 0x0000000741400000, 0x0000000741200000| Untracked 
|  10|0x0000000741400000, 0x0000000741600000, 0x0000000741600000|100%| O|  |TAMS 0x0000000741600000, 0x0000000741400000| Untracked 
|  11|0x0000000741600000, 0x0000000741800000, 0x0000000741800000|100%| O|  |TAMS 0x0000000741800000, 0x0000000741600000| Untracked 
|  12|0x0000000741800000, 0x0000000741a00000, 0x0000000741a00000|100%|HS|  |TAMS 0x0000000741800000, 0x0000000741800000| Complete 
|  13|0x0000000741a00000, 0x0000000741c00000, 0x0000000741c00000|100%| O|  |TAMS 0x0000000741a00000, 0x0000000741a00000| Untracked 
|  14|0x0000000741c00000, 0x0000000741e00000, 0x0000000741e00000|100%| O|  |TAMS 0x0000000741e00000, 0x0000000741c00000| Untracked 
|  15|0x0000000741e00000, 0x0000000742000000, 0x0000000742000000|100%| O|  |TAMS 0x0000000741f88400, 0x0000000741e00000| Untracked 
|  16|0x0000000742000000, 0x0000000742200000, 0x0000000742200000|100%| O|  |TAMS 0x0000000742000000, 0x0000000742000000| Untracked 
|  17|0x0000000742200000, 0x0000000742238000, 0x0000000742400000| 10%| O|  |TAMS 0x0000000742200000, 0x0000000742200000| Untracked 
|  18|0x0000000742400000, 0x0000000742400000, 0x0000000742600000|  0%| F|  |TAMS 0x0000000742400000, 0x0000000742400000| Untracked 
|  19|0x0000000742600000, 0x0000000742600000, 0x0000000742800000|  0%| F|  |TAMS 0x0000000742600000, 0x0000000742600000| Untracked 
|  20|0x0000000742800000, 0x0000000742800000, 0x0000000742a00000|  0%| F|  |TAMS 0x0000000742800000, 0x0000000742800000| Untracked 
|  21|0x0000000742a00000, 0x0000000742a00000, 0x0000000742c00000|  0%| F|  |TAMS 0x0000000742a00000, 0x0000000742a00000| Untracked 
|  22|0x0000000742c00000, 0x0000000742c00000, 0x0000000742e00000|  0%| F|  |TAMS 0x0000000742c00000, 0x0000000742c00000| Untracked 
|  23|0x0000000742e00000, 0x0000000742e00000, 0x0000000743000000|  0%| F|  |TAMS 0x0000000742e00000, 0x0000000742e00000| Untracked 
|  24|0x0000000743000000, 0x0000000743000000, 0x0000000743200000|  0%| F|  |TAMS 0x0000000743000000, 0x0000000743000000| Untracked 
|  25|0x0000000743200000, 0x0000000743200000, 0x0000000743400000|  0%| F|  |TAMS 0x0000000743200000, 0x0000000743200000| Untracked 
|  26|0x0000000743400000, 0x00000007435f3a40, 0x0000000743600000| 97%| E|CS|TAMS 0x0000000743400000, 0x0000000743400000| Complete 
|  27|0x0000000743600000, 0x0000000743600000, 0x0000000743800000|  0%| F|  |TAMS 0x0000000743600000, 0x0000000743600000| Untracked 
|  28|0x0000000743800000, 0x0000000743800000, 0x0000000743a00000|  0%| F|  |TAMS 0x0000000743800000, 0x0000000743800000| Untracked 
|  29|0x0000000743a00000, 0x0000000743a00000, 0x0000000743c00000|  0%| F|  |TAMS 0x0000000743a00000, 0x0000000743a00000| Untracked 
|  30|0x0000000743c00000, 0x0000000743c00000, 0x0000000743e00000|  0%| F|  |TAMS 0x0000000743c00000, 0x0000000743c00000| Untracked 
|  31|0x0000000743e00000, 0x0000000743e00000, 0x0000000744000000|  0%| F|  |TAMS 0x0000000743e00000, 0x0000000743e00000| Untracked 
|  32|0x0000000744000000, 0x0000000744000000, 0x0000000744200000|  0%| F|  |TAMS 0x0000000744000000, 0x0000000744000000| Untracked 
|  33|0x0000000744200000, 0x0000000744200000, 0x0000000744400000|  0%| F|  |TAMS 0x0000000744200000, 0x0000000744200000| Untracked 
|  34|0x0000000744400000, 0x0000000744400000, 0x0000000744600000|  0%| F|  |TAMS 0x0000000744400000, 0x0000000744400000| Untracked 
|  35|0x0000000744600000, 0x0000000744600000, 0x0000000744800000|  0%| F|  |TAMS 0x0000000744600000, 0x0000000744600000| Untracked 
|  36|0x0000000744800000, 0x0000000744800000, 0x0000000744a00000|  0%| F|  |TAMS 0x0000000744800000, 0x0000000744800000| Untracked 
|  37|0x0000000744a00000, 0x0000000744a00000, 0x0000000744c00000|  0%| F|  |TAMS 0x0000000744a00000, 0x0000000744a00000| Untracked 
|  38|0x0000000744c00000, 0x0000000744c00000, 0x0000000744e00000|  0%| F|  |TAMS 0x0000000744c00000, 0x0000000744c00000| Untracked 
|  39|0x0000000744e00000, 0x0000000744e00000, 0x0000000745000000|  0%| F|  |TAMS 0x0000000744e00000, 0x0000000744e00000| Untracked 
|  40|0x0000000745000000, 0x0000000745000000, 0x0000000745200000|  0%| F|  |TAMS 0x0000000745000000, 0x0000000745000000| Untracked 
|  41|0x0000000745200000, 0x0000000745200000, 0x0000000745400000|  0%| F|  |TAMS 0x0000000745200000, 0x0000000745200000| Untracked 
|  42|0x0000000745400000, 0x0000000745400000, 0x0000000745600000|  0%| F|  |TAMS 0x0000000745400000, 0x0000000745400000| Untracked 
|  43|0x0000000745600000, 0x0000000745600000, 0x0000000745800000|  0%| F|  |TAMS 0x0000000745600000, 0x0000000745600000| Untracked 
|  44|0x0000000745800000, 0x0000000745800000, 0x0000000745a00000|  0%| F|  |TAMS 0x0000000745800000, 0x0000000745800000| Untracked 
|  45|0x0000000745a00000, 0x0000000745a00000, 0x0000000745c00000|  0%| F|  |TAMS 0x0000000745a00000, 0x0000000745a00000| Untracked 
|  46|0x0000000745c00000, 0x0000000745c00000, 0x0000000745e00000|  0%| F|  |TAMS 0x0000000745c00000, 0x0000000745c00000| Untracked 
|  47|0x0000000745e00000, 0x0000000745e00000, 0x0000000746000000|  0%| F|  |TAMS 0x0000000745e00000, 0x0000000745e00000| Untracked 
|  48|0x0000000746000000, 0x0000000746000000, 0x0000000746200000|  0%| F|  |TAMS 0x0000000746000000, 0x0000000746000000| Untracked 
|  49|0x0000000746200000, 0x0000000746200000, 0x0000000746400000|  0%| F|  |TAMS 0x0000000746200000, 0x0000000746200000| Untracked 
|  50|0x0000000746400000, 0x0000000746400000, 0x0000000746600000|  0%| F|  |TAMS 0x0000000746400000, 0x0000000746400000| Untracked 
|  51|0x0000000746600000, 0x00000007466855f8, 0x0000000746800000| 26%| S|  |TAMS 0x0000000746600000, 0x0000000746600000| Complete 
|  52|0x0000000746800000, 0x0000000746a00000, 0x0000000746a00000|100%| S|  |TAMS 0x0000000746800000, 0x0000000746800000| Complete 
|  53|0x0000000746a00000, 0x0000000746c00000, 0x0000000746c00000|100%| S|  |TAMS 0x0000000746a00000, 0x0000000746a00000| Complete 
|  54|0x0000000746c00000, 0x0000000746e00000, 0x0000000746e00000|100%| S|  |TAMS 0x0000000746c00000, 0x0000000746c00000| Complete 
|  55|0x0000000746e00000, 0x0000000747000000, 0x0000000747000000|100%| S|  |TAMS 0x0000000746e00000, 0x0000000746e00000| Complete 
|  56|0x0000000747000000, 0x0000000747200000, 0x0000000747200000|100%| S|  |TAMS 0x0000000747000000, 0x0000000747000000| Complete 
|  57|0x0000000747200000, 0x0000000747400000, 0x0000000747400000|100%| S|  |TAMS 0x0000000747200000, 0x0000000747200000| Complete 
|  58|0x0000000747400000, 0x0000000747600000, 0x0000000747600000|100%| S|  |TAMS 0x0000000747400000, 0x0000000747400000| Complete 
|  59|0x0000000747600000, 0x0000000747800000, 0x0000000747800000|100%| S|  |TAMS 0x0000000747600000, 0x0000000747600000| Complete 
|  60|0x0000000747800000, 0x0000000747a00000, 0x0000000747a00000|100%| S|  |TAMS 0x0000000747800000, 0x0000000747800000| Complete 
|  61|0x0000000747a00000, 0x0000000747c00000, 0x0000000747c00000|100%| E|CS|TAMS 0x0000000747a00000, 0x0000000747a00000| Complete 
|  62|0x0000000747c00000, 0x0000000747e00000, 0x0000000747e00000|100%| E|CS|TAMS 0x0000000747c00000, 0x0000000747c00000| Complete 
|  63|0x0000000747e00000, 0x0000000748000000, 0x0000000748000000|100%| E|CS|TAMS 0x0000000747e00000, 0x0000000747e00000| Complete 
|  64|0x0000000748000000, 0x0000000748200000, 0x0000000748200000|100%| E|CS|TAMS 0x0000000748000000, 0x0000000748000000| Complete 
|  65|0x0000000748200000, 0x0000000748400000, 0x0000000748400000|100%| E|CS|TAMS 0x0000000748200000, 0x0000000748200000| Complete 
|  66|0x0000000748400000, 0x0000000748600000, 0x0000000748600000|100%| E|CS|TAMS 0x0000000748400000, 0x0000000748400000| Complete 
|  67|0x0000000748600000, 0x0000000748800000, 0x0000000748800000|100%| E|CS|TAMS 0x0000000748600000, 0x0000000748600000| Complete 
|  68|0x0000000748800000, 0x0000000748a00000, 0x0000000748a00000|100%| E|CS|TAMS 0x0000000748800000, 0x0000000748800000| Complete 
|  69|0x0000000748a00000, 0x0000000748c00000, 0x0000000748c00000|100%| E|CS|TAMS 0x0000000748a00000, 0x0000000748a00000| Complete 
|  70|0x0000000748c00000, 0x0000000748e00000, 0x0000000748e00000|100%| E|CS|TAMS 0x0000000748c00000, 0x0000000748c00000| Complete 
|  71|0x0000000748e00000, 0x0000000749000000, 0x0000000749000000|100%| E|CS|TAMS 0x0000000748e00000, 0x0000000748e00000| Complete 
|  72|0x0000000749000000, 0x0000000749200000, 0x0000000749200000|100%| E|CS|TAMS 0x0000000749000000, 0x0000000749000000| Complete 
|  73|0x0000000749200000, 0x0000000749400000, 0x0000000749400000|100%| E|CS|TAMS 0x0000000749200000, 0x0000000749200000| Complete 
|  74|0x0000000749400000, 0x0000000749600000, 0x0000000749600000|100%| E|CS|TAMS 0x0000000749400000, 0x0000000749400000| Complete 
|  75|0x0000000749600000, 0x0000000749800000, 0x0000000749800000|100%| E|CS|TAMS 0x0000000749600000, 0x0000000749600000| Complete 
|  76|0x0000000749800000, 0x0000000749a00000, 0x0000000749a00000|100%| E|CS|TAMS 0x0000000749800000, 0x0000000749800000| Complete 
|  77|0x0000000749a00000, 0x0000000749c00000, 0x0000000749c00000|100%| E|CS|TAMS 0x0000000749a00000, 0x0000000749a00000| Complete 
|  78|0x0000000749c00000, 0x0000000749e00000, 0x0000000749e00000|100%| E|CS|TAMS 0x0000000749c00000, 0x0000000749c00000| Complete 
|  79|0x0000000749e00000, 0x000000074a000000, 0x000000074a000000|100%| E|CS|TAMS 0x0000000749e00000, 0x0000000749e00000| Complete 
|  80|0x000000074a000000, 0x000000074a200000, 0x000000074a200000|100%| E|CS|TAMS 0x000000074a000000, 0x000000074a000000| Complete 
|  81|0x000000074a200000, 0x000000074a400000, 0x000000074a400000|100%| E|CS|TAMS 0x000000074a200000, 0x000000074a200000| Complete 
|  82|0x000000074a400000, 0x000000074a600000, 0x000000074a600000|100%| E|CS|TAMS 0x000000074a400000, 0x000000074a400000| Complete 
|  83|0x000000074a600000, 0x000000074a800000, 0x000000074a800000|100%| E|CS|TAMS 0x000000074a600000, 0x000000074a600000| Complete 
|  84|0x000000074a800000, 0x000000074aa00000, 0x000000074aa00000|100%| E|CS|TAMS 0x000000074a800000, 0x000000074a800000| Complete 
|  85|0x000000074aa00000, 0x000000074ac00000, 0x000000074ac00000|100%| E|CS|TAMS 0x000000074aa00000, 0x000000074aa00000| Complete 
|  86|0x000000074ac00000, 0x000000074ae00000, 0x000000074ae00000|100%| E|CS|TAMS 0x000000074ac00000, 0x000000074ac00000| Complete 
|  87|0x000000074ae00000, 0x000000074b000000, 0x000000074b000000|100%| E|CS|TAMS 0x000000074ae00000, 0x000000074ae00000| Complete 
|  88|0x000000074b000000, 0x000000074b200000, 0x000000074b200000|100%| E|CS|TAMS 0x000000074b000000, 0x000000074b000000| Complete 
|  89|0x000000074b200000, 0x000000074b400000, 0x000000074b400000|100%| E|CS|TAMS 0x000000074b200000, 0x000000074b200000| Complete 
|  90|0x000000074b400000, 0x000000074b600000, 0x000000074b600000|100%| E|CS|TAMS 0x000000074b400000, 0x000000074b400000| Complete 
|  91|0x000000074b600000, 0x000000074b800000, 0x000000074b800000|100%| E|CS|TAMS 0x000000074b600000, 0x000000074b600000| Complete 
|  92|0x000000074b800000, 0x000000074ba00000, 0x000000074ba00000|100%| E|CS|TAMS 0x000000074b800000, 0x000000074b800000| Complete 
|  93|0x000000074ba00000, 0x000000074bc00000, 0x000000074bc00000|100%| E|CS|TAMS 0x000000074ba00000, 0x000000074ba00000| Complete 
|  94|0x000000074bc00000, 0x000000074be00000, 0x000000074be00000|100%| E|CS|TAMS 0x000000074bc00000, 0x000000074bc00000| Complete 
|  95|0x000000074be00000, 0x000000074c000000, 0x000000074c000000|100%| E|CS|TAMS 0x000000074be00000, 0x000000074be00000| Complete 
|  96|0x000000074c000000, 0x000000074c200000, 0x000000074c200000|100%| E|CS|TAMS 0x000000074c000000, 0x000000074c000000| Complete 
|  97|0x000000074c200000, 0x000000074c400000, 0x000000074c400000|100%| E|CS|TAMS 0x000000074c200000, 0x000000074c200000| Complete 
|  98|0x000000074c400000, 0x000000074c600000, 0x000000074c600000|100%| E|CS|TAMS 0x000000074c400000, 0x000000074c400000| Complete 
|  99|0x000000074c600000, 0x000000074c800000, 0x000000074c800000|100%| E|CS|TAMS 0x000000074c600000, 0x000000074c600000| Complete 
| 100|0x000000074c800000, 0x000000074ca00000, 0x000000074ca00000|100%| E|CS|TAMS 0x000000074c800000, 0x000000074c800000| Complete 
| 101|0x000000074ca00000, 0x000000074cc00000, 0x000000074cc00000|100%| E|CS|TAMS 0x000000074ca00000, 0x000000074ca00000| Complete 
| 102|0x000000074cc00000, 0x000000074ce00000, 0x000000074ce00000|100%| E|CS|TAMS 0x000000074cc00000, 0x000000074cc00000| Complete 
| 103|0x000000074ce00000, 0x000000074d000000, 0x000000074d000000|100%| E|CS|TAMS 0x000000074ce00000, 0x000000074ce00000| Complete 
| 104|0x000000074d000000, 0x000000074d200000, 0x000000074d200000|100%| E|CS|TAMS 0x000000074d000000, 0x000000074d000000| Complete 
| 105|0x000000074d200000, 0x000000074d400000, 0x000000074d400000|100%| E|CS|TAMS 0x000000074d200000, 0x000000074d200000| Complete 
| 106|0x000000074d400000, 0x000000074d600000, 0x000000074d600000|100%| E|CS|TAMS 0x000000074d400000, 0x000000074d400000| Complete 
| 107|0x000000074d600000, 0x000000074d800000, 0x000000074d800000|100%| E|CS|TAMS 0x000000074d600000, 0x000000074d600000| Complete 
| 108|0x000000074d800000, 0x000000074da00000, 0x000000074da00000|100%| E|CS|TAMS 0x000000074d800000, 0x000000074d800000| Complete 
| 109|0x000000074da00000, 0x000000074dc00000, 0x000000074dc00000|100%| E|CS|TAMS 0x000000074da00000, 0x000000074da00000| Complete 
| 110|0x000000074dc00000, 0x000000074de00000, 0x000000074de00000|100%| E|CS|TAMS 0x000000074dc00000, 0x000000074dc00000| Complete 
| 111|0x000000074de00000, 0x000000074e000000, 0x000000074e000000|100%| E|CS|TAMS 0x000000074de00000, 0x000000074de00000| Complete 
| 112|0x000000074e000000, 0x000000074e200000, 0x000000074e200000|100%| E|CS|TAMS 0x000000074e000000, 0x000000074e000000| Complete 
| 113|0x000000074e200000, 0x000000074e400000, 0x000000074e400000|100%| E|CS|TAMS 0x000000074e200000, 0x000000074e200000| Complete 
| 114|0x000000074e400000, 0x000000074e600000, 0x000000074e600000|100%| E|CS|TAMS 0x000000074e400000, 0x000000074e400000| Complete 
| 115|0x000000074e600000, 0x000000074e800000, 0x000000074e800000|100%| E|CS|TAMS 0x000000074e600000, 0x000000074e600000| Complete 
| 116|0x000000074e800000, 0x000000074ea00000, 0x000000074ea00000|100%| E|CS|TAMS 0x000000074e800000, 0x000000074e800000| Complete 
| 117|0x000000074ea00000, 0x000000074ec00000, 0x000000074ec00000|100%| E|CS|TAMS 0x000000074ea00000, 0x000000074ea00000| Complete 
| 118|0x000000074ec00000, 0x000000074ee00000, 0x000000074ee00000|100%| E|CS|TAMS 0x000000074ec00000, 0x000000074ec00000| Complete 
| 119|0x000000074ee00000, 0x000000074f000000, 0x000000074f000000|100%| E|CS|TAMS 0x000000074ee00000, 0x000000074ee00000| Complete 
| 120|0x000000074f000000, 0x000000074f200000, 0x000000074f200000|100%| E|CS|TAMS 0x000000074f000000, 0x000000074f000000| Complete 
| 121|0x000000074f200000, 0x000000074f400000, 0x000000074f400000|100%| E|CS|TAMS 0x000000074f200000, 0x000000074f200000| Complete 
| 122|0x000000074f400000, 0x000000074f600000, 0x000000074f600000|100%| E|CS|TAMS 0x000000074f400000, 0x000000074f400000| Complete 
| 123|0x000000074f600000, 0x000000074f800000, 0x000000074f800000|100%| E|CS|TAMS 0x000000074f600000, 0x000000074f600000| Complete 
| 124|0x000000074f800000, 0x000000074fa00000, 0x000000074fa00000|100%| E|CS|TAMS 0x000000074f800000, 0x000000074f800000| Complete 
| 125|0x000000074fa00000, 0x000000074fc00000, 0x000000074fc00000|100%| E|CS|TAMS 0x000000074fa00000, 0x000000074fa00000| Complete 
| 126|0x000000074fc00000, 0x000000074fe00000, 0x000000074fe00000|100%| E|CS|TAMS 0x000000074fc00000, 0x000000074fc00000| Complete 
| 127|0x000000074fe00000, 0x0000000750000000, 0x0000000750000000|100%| E|CS|TAMS 0x000000074fe00000, 0x000000074fe00000| Complete 
| 128|0x0000000750000000, 0x0000000750200000, 0x0000000750200000|100%| E|CS|TAMS 0x0000000750000000, 0x0000000750000000| Complete 
| 129|0x0000000750200000, 0x0000000750400000, 0x0000000750400000|100%| E|CS|TAMS 0x0000000750200000, 0x0000000750200000| Complete 
| 130|0x0000000750400000, 0x0000000750600000, 0x0000000750600000|100%| E|CS|TAMS 0x0000000750400000, 0x0000000750400000| Complete 
| 131|0x0000000750600000, 0x0000000750800000, 0x0000000750800000|100%| E|CS|TAMS 0x0000000750600000, 0x0000000750600000| Complete 
| 132|0x0000000750800000, 0x0000000750a00000, 0x0000000750a00000|100%| E|CS|TAMS 0x0000000750800000, 0x0000000750800000| Complete 
| 133|0x0000000750a00000, 0x0000000750c00000, 0x0000000750c00000|100%| E|CS|TAMS 0x0000000750a00000, 0x0000000750a00000| Complete 
| 134|0x0000000750c00000, 0x0000000750e00000, 0x0000000750e00000|100%| E|CS|TAMS 0x0000000750c00000, 0x0000000750c00000| Complete 
| 135|0x0000000750e00000, 0x0000000751000000, 0x0000000751000000|100%| E|CS|TAMS 0x0000000750e00000, 0x0000000750e00000| Complete 
| 136|0x0000000751000000, 0x0000000751200000, 0x0000000751200000|100%| E|CS|TAMS 0x0000000751000000, 0x0000000751000000| Complete 
| 137|0x0000000751200000, 0x0000000751400000, 0x0000000751400000|100%| E|CS|TAMS 0x0000000751200000, 0x0000000751200000| Complete 
| 138|0x0000000751400000, 0x0000000751600000, 0x0000000751600000|100%| E|CS|TAMS 0x0000000751400000, 0x0000000751400000| Complete 
| 139|0x0000000751600000, 0x0000000751800000, 0x0000000751800000|100%| E|CS|TAMS 0x0000000751600000, 0x0000000751600000| Complete 
| 140|0x0000000751800000, 0x0000000751a00000, 0x0000000751a00000|100%| E|CS|TAMS 0x0000000751800000, 0x0000000751800000| Complete 
| 141|0x0000000751a00000, 0x0000000751c00000, 0x0000000751c00000|100%| E|CS|TAMS 0x0000000751a00000, 0x0000000751a00000| Complete 
| 142|0x0000000751c00000, 0x0000000751e00000, 0x0000000751e00000|100%| E|CS|TAMS 0x0000000751c00000, 0x0000000751c00000| Complete 
| 187|0x0000000757600000, 0x0000000757800000, 0x0000000757800000|100%| E|CS|TAMS 0x0000000757600000, 0x0000000757600000| Complete 
| 188|0x0000000757800000, 0x0000000757a00000, 0x0000000757a00000|100%| E|CS|TAMS 0x0000000757800000, 0x0000000757800000| Complete 
| 189|0x0000000757a00000, 0x0000000757c00000, 0x0000000757c00000|100%| E|CS|TAMS 0x0000000757a00000, 0x0000000757a00000| Complete 
| 190|0x0000000757c00000, 0x0000000757e00000, 0x0000000757e00000|100%| E|CS|TAMS 0x0000000757c00000, 0x0000000757c00000| Complete 
| 191|0x0000000757e00000, 0x0000000758000000, 0x0000000758000000|100%| E|CS|TAMS 0x0000000757e00000, 0x0000000757e00000| Complete 
| 192|0x0000000758000000, 0x0000000758200000, 0x0000000758200000|100%| E|CS|TAMS 0x0000000758000000, 0x0000000758000000| Complete 
| 254|0x000000075fc00000, 0x000000075fe00000, 0x000000075fe00000|100%| E|CS|TAMS 0x000000075fc00000, 0x000000075fc00000| Complete 

Card table byte_map: [0x0000026823fd0000,0x00000268245d0000] _byte_map_base: 0x00000268205d0000

Marking Bits (Prev, Next): (CMBitMap*) 0x000002680c52ca70, (CMBitMap*) 0x000002680c52cab0
 Prev Bits: [0x0000026824bd0000, 0x0000026827bd0000)
 Next Bits: [0x0000026827bd0000, 0x000002682abd0000)

Polling page: 0x000002680a440000

Metaspace:

Usage:
  Non-class:     49.93 MB used.
      Class:      7.98 MB used.
       Both:     57.91 MB used.

Virtual space:
  Non-class space:       64.00 MB reserved,      50.25 MB ( 79%) committed,  1 nodes.
      Class space:        1.00 GB reserved,       8.25 MB ( <1%) committed,  1 nodes.
             Both:        1.06 GB reserved,      58.50 MB (  5%) committed. 

Chunk freelists:
   Non-Class:  13.47 MB
       Class:  7.70 MB
        Both:  21.17 MB

MaxMetaspaceSize: unlimited
CompressedClassSpaceSize: 1.00 GB
Initial GC threshold: 21.00 MB
Current GC threshold: 58.75 MB
CDS: on
MetaspaceReclaimPolicy: balanced
 - commit_granule_bytes: 65536.
 - commit_granule_words: 8192.
 - virtual_space_node_default_size: 8388608.
 - enlarge_chunks_in_place: 1.
 - new_chunks_are_fully_committed: 0.
 - uncommit_free_chunks: 1.
 - use_allocation_guard: 0.
 - handle_deallocations: 1.


Internal statistics:

num_allocs_failed_limit: 6.
num_arena_births: 640.
num_arena_deaths: 0.
num_vsnodes_births: 2.
num_vsnodes_deaths: 0.
num_space_committed: 936.
num_space_uncommitted: 0.
num_chunks_returned_to_freelist: 6.
num_chunks_taken_from_freelist: 2772.
num_chunk_merges: 6.
num_chunk_splits: 1803.
num_chunks_enlarged: 1161.
num_inconsistent_stats: 0.

CodeHeap 'non-profiled nmethods': size=119168Kb used=4907Kb max_used=4907Kb free=114260Kb
 bounds [0x000002681bcf0000, 0x000002681c1c0000, 0x0000026823150000]
CodeHeap 'profiled nmethods': size=119104Kb used=12678Kb max_used=12678Kb free=106425Kb
 bounds [0x0000026814150000, 0x0000026814dc0000, 0x000002681b5a0000]
CodeHeap 'non-nmethods': size=7488Kb used=3509Kb max_used=4178Kb free=3979Kb
 bounds [0x000002681b5a0000, 0x000002681b9c0000, 0x000002681bcf0000]
 total_blobs=7212 nmethods=6306 adapters=816
 compilation: enabled
              stopped_count=0, restarted_count=0
 full_count=0

Compilation events (20 events):
Event: 5.842 Thread 0x000002682dc4d340 7136       3       org.gradle.api.internal.provider.AbstractProperty::getDisplayName (16 bytes)
Event: 5.842 Thread 0x000002682dc4d340 nmethod 7136 0x0000026814daea10 code [0x0000026814daebc0, 0x0000026814daed38]
Event: 5.842 Thread 0x000002682dc4d340 7137       3       java.util.LinkedHashMap::transferLinks (58 bytes)
Event: 5.842 Thread 0x000002682dd12a60 7138       3       java.util.LinkedHashMap::replacementTreeNode (37 bytes)
Event: 5.842 Thread 0x000002682dc4d340 nmethod 7137 0x0000026814daee10 code [0x0000026814daefe0, 0x0000026814daf438]
Event: 5.842 Thread 0x000002682dd12a60 nmethod 7138 0x0000026814daf590 code [0x0000026814daf760, 0x0000026814dafa78]
Event: 5.844 Thread 0x000002682dc4d340 7140       3       kotlin.jvm.internal.Intrinsics::checkNotNullParameter (9 bytes)
Event: 5.844 Thread 0x000002682dc4d340 nmethod 7140 0x0000026814dafc10 code [0x0000026814dafe00, 0x0000026814db0238]
Event: 5.844 Thread 0x000002687a566210 7139       4       org.gradle.internal.reflect.MethodSet::add (50 bytes)
Event: 5.849 Thread 0x000002682dc4d340 7141       3       org.gradle.internal.operations.DefaultBuildOperationRunner::execute (23 bytes)
Event: 5.849 Thread 0x000002682dd12f80 7142       3       org.gradle.internal.operations.DefaultBuildOperationRunner$2::<init> (20 bytes)
Event: 5.849 Thread 0x000002682dd12a60 7143       3       org.gradle.internal.operations.DefaultBuildOperationRunner::execute (147 bytes)
Event: 5.849 Thread 0x000002682dd12f80 nmethod 7142 0x0000026814db0410 code [0x0000026814db05c0, 0x0000026814db0858]
Event: 5.849 Thread 0x000002682dd12f80 7144       3       org.gradle.internal.operations.DefaultBuildOperationIdFactory::nextId (8 bytes)
Event: 5.849 Thread 0x000002682dc4d340 nmethod 7141 0x0000026814db0910 code [0x0000026814db0ae0, 0x0000026814db0f78]
Event: 5.849 Thread 0x000002682dc4d340 7145       3       org.gradle.internal.operations.OperationIdentifier::<init> (26 bytes)
Event: 5.849 Thread 0x000002682dd12f80 nmethod 7144 0x0000026814db1110 code [0x0000026814db12c0, 0x0000026814db1408]
Event: 5.849 Thread 0x000002682dd12f80 7146       3       org.gradle.internal.operations.BuildOperationDescriptor$Builder::build (54 bytes)
Event: 5.849 Thread 0x000002682dc4d340 nmethod 7145 0x0000026814db1510 code [0x0000026814db16c0, 0x0000026814db1928]
Event: 5.849 Thread 0x000002682dc4d340 7147       3       org.gradle.internal.operations.BuildOperationDescriptor::<init> (18 bytes)

GC Heap History (20 events):
Event: 0.298 GC heap after
{Heap after GC invocations=2 (full 0):
 garbage-first heap   total 522240K, used 13496K [0x0000000740000000, 0x0000000800000000)
  region size 2048K, 2 young (4096K), 2 survivors (4096K)
 Metaspace       used 4213K, committed 4352K, reserved 1114112K
  class space    used 503K, committed 576K, reserved 1048576K
}
Event: 1.165 GC heap before
{Heap before GC invocations=2 (full 0):
 garbage-first heap   total 522240K, used 134328K [0x0000000740000000, 0x0000000800000000)
  region size 2048K, 62 young (126976K), 2 survivors (4096K)
 Metaspace       used 21219K, committed 21504K, reserved 1114112K
  class space    used 3131K, committed 3264K, reserved 1048576K
}
Event: 1.169 GC heap after
{Heap after GC invocations=3 (full 0):
 garbage-first heap   total 522240K, used 21970K [0x0000000740000000, 0x0000000800000000)
  region size 2048K, 6 young (12288K), 6 survivors (12288K)
 Metaspace       used 21219K, committed 21504K, reserved 1114112K
  class space    used 3131K, committed 3264K, reserved 1048576K
}
Event: 1.472 GC heap before
{Heap before GC invocations=4 (full 0):
 garbage-first heap   total 90112K, used 64978K [0x0000000740000000, 0x0000000800000000)
  region size 2048K, 28 young (57344K), 6 survivors (12288K)
 Metaspace       used 26702K, committed 27008K, reserved 1114112K
  class space    used 3969K, committed 4096K, reserved 1048576K
}
Event: 1.476 GC heap after
{Heap after GC invocations=5 (full 0):
 garbage-first heap   total 90112K, used 24920K [0x0000000740000000, 0x0000000800000000)
  region size 2048K, 2 young (4096K), 2 survivors (4096K)
 Metaspace       used 26702K, committed 27008K, reserved 1114112K
  class space    used 3969K, committed 4096K, reserved 1048576K
}
Event: 1.493 GC heap before
{Heap before GC invocations=5 (full 0):
 garbage-first heap   total 90112K, used 26968K [0x0000000740000000, 0x0000000800000000)
  region size 2048K, 3 young (6144K), 2 survivors (4096K)
 Metaspace       used 27360K, committed 27712K, reserved 1114112K
  class space    used 4002K, committed 4160K, reserved 1048576K
}
Event: 1.494 GC heap after
{Heap after GC invocations=6 (full 0):
 garbage-first heap   total 90112K, used 25237K [0x0000000740000000, 0x0000000800000000)
  region size 2048K, 1 young (2048K), 1 survivors (2048K)
 Metaspace       used 27360K, committed 27712K, reserved 1114112K
  class space    used 4002K, committed 4160K, reserved 1048576K
}
Event: 1.694 GC heap before
{Heap before GC invocations=6 (full 0):
 garbage-first heap   total 90112K, used 62101K [0x0000000740000000, 0x0000000800000000)
  region size 2048K, 20 young (40960K), 1 survivors (2048K)
 Metaspace       used 31802K, committed 32128K, reserved 1114112K
  class space    used 4452K, committed 4608K, reserved 1048576K
}
Event: 1.696 GC heap after
{Heap after GC invocations=7 (full 0):
 garbage-first heap   total 90112K, used 29223K [0x0000000740000000, 0x0000000800000000)
  region size 2048K, 3 young (6144K), 3 survivors (6144K)
 Metaspace       used 31802K, committed 32128K, reserved 1114112K
  class space    used 4452K, committed 4608K, reserved 1048576K
}
Event: 1.934 GC heap before
{Heap before GC invocations=7 (full 0):
 garbage-first heap   total 90112K, used 68135K [0x0000000740000000, 0x0000000800000000)
  region size 2048K, 20 young (40960K), 3 survivors (6144K)
 Metaspace       used 34932K, committed 35328K, reserved 1114112K
  class space    used 4837K, committed 4992K, reserved 1048576K
}
Event: 1.935 GC heap after
{Heap after GC invocations=8 (full 0):
 garbage-first heap   total 90112K, used 31544K [0x0000000740000000, 0x0000000800000000)
  region size 2048K, 2 young (4096K), 2 survivors (4096K)
 Metaspace       used 34932K, committed 35328K, reserved 1114112K
  class space    used 4837K, committed 4992K, reserved 1048576K
}
Event: 1.970 GC heap before
{Heap before GC invocations=8 (full 0):
 garbage-first heap   total 90112K, used 37688K [0x0000000740000000, 0x0000000800000000)
  region size 2048K, 6 young (12288K), 2 survivors (4096K)
 Metaspace       used 35597K, committed 35968K, reserved 1114112K
  class space    used 4954K, committed 5120K, reserved 1048576K
}
Event: 1.972 GC heap after
{Heap after GC invocations=9 (full 0):
 garbage-first heap   total 90112K, used 32220K [0x0000000740000000, 0x0000000800000000)
  region size 2048K, 1 young (2048K), 1 survivors (2048K)
 Metaspace       used 35597K, committed 35968K, reserved 1114112K
  class space    used 4954K, committed 5120K, reserved 1048576K
}
Event: 2.206 GC heap before
{Heap before GC invocations=10 (full 0):
 garbage-first heap   total 90112K, used 67036K [0x0000000740000000, 0x0000000800000000)
  region size 2048K, 18 young (36864K), 1 survivors (2048K)
 Metaspace       used 39418K, committed 39808K, reserved 1114112K
  class space    used 5547K, committed 5696K, reserved 1048576K
}
Event: 2.208 GC heap after
{Heap after GC invocations=11 (full 0):
 garbage-first heap   total 90112K, used 33689K [0x0000000740000000, 0x0000000800000000)
  region size 2048K, 2 young (4096K), 2 survivors (4096K)
 Metaspace       used 39418K, committed 39808K, reserved 1114112K
  class space    used 5547K, committed 5696K, reserved 1048576K
}
Event: 2.221 GC heap before
{Heap before GC invocations=11 (full 0):
 garbage-first heap   total 90112K, used 35737K [0x0000000740000000, 0x0000000800000000)
  region size 2048K, 3 young (6144K), 2 survivors (4096K)
 Metaspace       used 39590K, committed 40000K, reserved 1114112K
  class space    used 5581K, committed 5760K, reserved 1048576K
}
Event: 2.223 GC heap after
{Heap after GC invocations=12 (full 0):
 garbage-first heap   total 90112K, used 33247K [0x0000000740000000, 0x0000000800000000)
  region size 2048K, 1 young (2048K), 1 survivors (2048K)
 Metaspace       used 39590K, committed 40000K, reserved 1114112K
  class space    used 5581K, committed 5760K, reserved 1048576K
}
Event: 2.475 GC heap before
{Heap before GC invocations=12 (full 0):
 garbage-first heap   total 90112K, used 63967K [0x0000000740000000, 0x0000000800000000)
  region size 2048K, 17 young (34816K), 1 survivors (2048K)
 Metaspace       used 42948K, committed 43520K, reserved 1114112K
  class space    used 5951K, committed 6208K, reserved 1048576K
}
Event: 2.479 GC heap after
{Heap after GC invocations=13 (full 0):
 garbage-first heap   total 307200K, used 34990K [0x0000000740000000, 0x0000000800000000)
  region size 2048K, 1 young (2048K), 1 survivors (2048K)
 Metaspace       used 42948K, committed 43520K, reserved 1114112K
  class space    used 5951K, committed 6208K, reserved 1048576K
}
Event: 5.849 GC heap before
{Heap before GC invocations=13 (full 0):
 garbage-first heap   total 307200K, used 219310K [0x0000000740000000, 0x0000000800000000)
  region size 2048K, 90 young (184320K), 1 survivors (2048K)
 Metaspace       used 59303K, committed 59904K, reserved 1114112K
  class space    used 8175K, committed 8448K, reserved 1048576K
}

Dll operation events (15 events):
Event: 0.003 Loaded shared library C:\Users\huase\.jdks\azul-17.0.17\bin\java.dll
Event: 0.013 Loaded shared library C:\Users\huase\.jdks\azul-17.0.17\bin\jsvml.dll
Event: 0.035 Loaded shared library C:\Users\huase\.jdks\azul-17.0.17\bin\zip.dll
Event: 0.037 Loaded shared library C:\Users\huase\.jdks\azul-17.0.17\bin\instrument.dll
Event: 0.038 Loaded shared library C:\Users\huase\.jdks\azul-17.0.17\bin\net.dll
Event: 0.039 Loaded shared library C:\Users\huase\.jdks\azul-17.0.17\bin\nio.dll
Event: 0.040 Loaded shared library C:\Users\huase\.jdks\azul-17.0.17\bin\zip.dll
Event: 0.085 Loaded shared library C:\Users\huase\.jdks\azul-17.0.17\bin\jimage.dll
Event: 0.108 Loaded shared library C:\Users\huase\.jdks\azul-17.0.17\bin\verify.dll
Event: 0.171 Loaded shared library D:\gradle\user\native\68d5fa5c4cc2d200863cafc0d521ce42e7d3e7ee720ec0a83991735586a16f82\windows-amd64\native-platform.dll
Event: 0.174 Loaded shared library D:\gradle\user\native\e376f236ea51e6404a007f0833ffe2c6e607c4080706a723a18a27aeea778392\windows-amd64\native-platform-file-events.dll
Event: 0.381 Loaded shared library C:\Users\huase\.jdks\azul-17.0.17\bin\management.dll
Event: 0.382 Loaded shared library C:\Users\huase\.jdks\azul-17.0.17\bin\management_ext.dll
Event: 0.475 Loaded shared library C:\Users\huase\.jdks\azul-17.0.17\bin\extnet.dll
Event: 0.571 Loaded shared library C:\Users\huase\.jdks\azul-17.0.17\bin\sunmscapi.dll

Deoptimization events (20 events):
Event: 5.122 Thread 0x0000026877a93310 Uncommon trap: trap_request=0xffffffc6 fr.pc=0x000002681bd64738 relative=0x00000000000009b8
Event: 5.122 Thread 0x0000026877a93310 Uncommon trap: reason=bimorphic_or_optimized_type_check action=maybe_recompile pc=0x000002681bd64738 method=java.io.BufferedInputStream.read1([BII)I @ 39 c2
Event: 5.122 Thread 0x0000026877a93310 DEOPT PACKING pc=0x000002681bd64738 sp=0x000000a4055fee90
Event: 5.122 Thread 0x0000026877a93310 DEOPT UNPACKING pc=0x000002681b5f69a3 sp=0x000000a4055feda8 mode 2
Event: 5.195 Thread 0x0000026877a93310 Uncommon trap: trap_request=0xffffffc6 fr.pc=0x000002681bd64738 relative=0x00000000000009b8
Event: 5.195 Thread 0x0000026877a93310 Uncommon trap: reason=bimorphic_or_optimized_type_check action=maybe_recompile pc=0x000002681bd64738 method=java.io.BufferedInputStream.read1([BII)I @ 39 c2
Event: 5.195 Thread 0x0000026877a93310 DEOPT PACKING pc=0x000002681bd64738 sp=0x000000a4055fee90
Event: 5.195 Thread 0x0000026877a93310 DEOPT UNPACKING pc=0x000002681b5f69a3 sp=0x000000a4055feda8 mode 2
Event: 5.195 Thread 0x0000026877a93310 Uncommon trap: trap_request=0xffffffc6 fr.pc=0x000002681bd64738 relative=0x00000000000009b8
Event: 5.195 Thread 0x0000026877a93310 Uncommon trap: reason=bimorphic_or_optimized_type_check action=maybe_recompile pc=0x000002681bd64738 method=java.io.BufferedInputStream.read1([BII)I @ 39 c2
Event: 5.195 Thread 0x0000026877a93310 DEOPT PACKING pc=0x000002681bd64738 sp=0x000000a4055fee90
Event: 5.195 Thread 0x0000026877a93310 DEOPT UNPACKING pc=0x000002681b5f69a3 sp=0x000000a4055feda8 mode 2
Event: 5.195 Thread 0x0000026877a93310 Uncommon trap: trap_request=0xffffffc6 fr.pc=0x000002681bd64738 relative=0x00000000000009b8
Event: 5.195 Thread 0x0000026877a93310 Uncommon trap: reason=bimorphic_or_optimized_type_check action=maybe_recompile pc=0x000002681bd64738 method=java.io.BufferedInputStream.read1([BII)I @ 39 c2
Event: 5.195 Thread 0x0000026877a93310 DEOPT PACKING pc=0x000002681bd64738 sp=0x000000a4055fee90
Event: 5.195 Thread 0x0000026877a93310 DEOPT UNPACKING pc=0x000002681b5f69a3 sp=0x000000a4055feda8 mode 2
Event: 5.195 Thread 0x0000026877a93310 Uncommon trap: trap_request=0xffffffde fr.pc=0x000002681beba2e8 relative=0x00000000000001a8
Event: 5.195 Thread 0x0000026877a93310 Uncommon trap: reason=class_check action=maybe_recompile pc=0x000002681beba2e8 method=java.io.BufferedInputStream.read1([BII)I @ 39 c2
Event: 5.195 Thread 0x0000026877a93310 DEOPT PACKING pc=0x000002681beba2e8 sp=0x000000a4055fedf0
Event: 5.195 Thread 0x0000026877a93310 DEOPT UNPACKING pc=0x000002681b5f69a3 sp=0x000000a4055fed98 mode 2

Classes loaded (20 events):
Event: 5.062 Loading class jdk/internal/reflect/SerializationConstructorAccessorImpl
Event: 5.062 Loading class jdk/internal/reflect/SerializationConstructorAccessorImpl done
Event: 5.083 Loading class java/util/stream/ReduceOps$2
Event: 5.083 Loading class java/util/stream/ReduceOps$2 done
Event: 5.083 Loading class java/util/stream/ReduceOps$2ReducingSink
Event: 5.083 Loading class java/util/stream/ReduceOps$2ReducingSink done
Event: 5.113 Loading class java/lang/ProcessImpl
Event: 5.114 Loading class java/lang/ProcessImpl done
Event: 5.118 Loading class java/lang/ProcessHandleImpl
Event: 5.119 Loading class java/lang/ProcessHandleImpl done
Event: 5.120 Loading class java/lang/ProcessImpl$2
Event: 5.120 Loading class java/lang/ProcessImpl$2 done
Event: 5.120 Loading class java/lang/Process$PipeInputStream
Event: 5.120 Loading class java/lang/Process$PipeInputStream done
Event: 5.121 Loading class jdk/internal/event/ProcessStartEvent
Event: 5.121 Loading class jdk/internal/event/ProcessStartEvent done
Event: 5.210 Loading class java/nio/file/attribute/DosFileAttributeView
Event: 5.210 Loading class java/nio/file/attribute/DosFileAttributeView done
Event: 5.210 Loading class sun/nio/fs/WindowsFileAttributeViews$Dos
Event: 5.210 Loading class sun/nio/fs/WindowsFileAttributeViews$Dos done

Classes unloaded (0 events):
No events

Classes redefined (0 events):
No events

Internal exceptions (20 events):
Event: 5.044 Thread 0x0000026874c5d150 Exception <a 'java/lang/ClassNotFoundException'{0x00000007484c6428}: org/gradle/api/tasks/compile/JavaCompileBeanInfo> (0x00000007484c6428) 
thrown [s\src\hotspot\share\classfile\systemDictionary.cpp, line 259]
Event: 5.045 Thread 0x0000026874c5d150 Exception <a 'java/lang/ClassNotFoundException'{0x00000007484d6d30}: org/gradle/api/tasks/compile/AbstractCompileBeanInfo> (0x00000007484d6d30) 
thrown [s\src\hotspot\share\classfile\systemDictionary.cpp, line 259]
Event: 5.045 Thread 0x0000026874c5d150 Exception <a 'java/lang/ClassNotFoundException'{0x00000007484e4968}: org/gradle/api/tasks/SourceTaskBeanInfo> (0x00000007484e4968) 
thrown [s\src\hotspot\share\classfile\systemDictionary.cpp, line 259]
Event: 5.045 Thread 0x0000026874c5d150 Exception <a 'java/lang/ClassNotFoundException'{0x00000007484f25c0}: org/gradle/api/tasks/SourceTaskCustomizer> (0x00000007484f25c0) 
thrown [s\src\hotspot\share\classfile\systemDictionary.cpp, line 259]
Event: 5.046 Thread 0x0000026874c5d150 Exception <a 'java/lang/ClassNotFoundException'{0x0000000748527258}: org/gradle/api/tasks/compile/AbstractCompileCustomizer> (0x0000000748527258) 
thrown [s\src\hotspot\share\classfile\systemDictionary.cpp, line 259]
Event: 5.047 Thread 0x0000026874c5d150 Exception <a 'java/lang/ClassNotFoundException'{0x0000000748550138}: org/gradle/api/tasks/compile/JavaCompileCustomizer> (0x0000000748550138) 
thrown [s\src\hotspot\share\classfile\systemDictionary.cpp, line 259]
Event: 5.048 Thread 0x0000026874c5d150 Exception <a 'java/lang/ClassNotFoundException'{0x0000000748579ab8}: org/gradle/api/tasks/compile/JavaCompile_DecoratedCustomizer> (0x0000000748579ab8) 
thrown [s\src\hotspot\share\classfile\systemDictionary.cpp, line 259]
Event: 5.051 Thread 0x0000026874c5d150 Exception <a 'java/lang/ClassNotFoundException'{0x000000074822c788}: org/gradle/api/tasks/compile/CompileOptions_DecoratedBeanInfo> (0x000000074822c788) 
thrown [s\src\hotspot\share\classfile\systemDictionary.cpp, line 259]
Event: 5.051 Thread 0x0000026874c5d150 Exception <a 'java/lang/ClassNotFoundException'{0x000000074823d098}: org/gradle/api/tasks/compile/CompileOptionsBeanInfo> (0x000000074823d098) 
thrown [s\src\hotspot\share\classfile\systemDictionary.cpp, line 259]
Event: 5.052 Thread 0x0000026874c5d150 Exception <a 'java/lang/ClassNotFoundException'{0x000000074824d9a0}: org/gradle/api/tasks/compile/AbstractOptionsBeanInfo> (0x000000074824d9a0) 
thrown [s\src\hotspot\share\classfile\systemDictionary.cpp, line 259]
Event: 5.052 Thread 0x0000026874c5d150 Exception <a 'java/lang/ClassNotFoundException'{0x000000074825e288}: org/gradle/api/tasks/compile/AbstractOptionsCustomizer> (0x000000074825e288) 
thrown [s\src\hotspot\share\classfile\systemDictionary.cpp, line 259]
Event: 5.052 Thread 0x0000026874c5d150 Exception <a 'java/lang/ClassNotFoundException'{0x0000000748271440}: org/gradle/api/tasks/compile/CompileOptionsCustomizer> (0x0000000748271440) 
thrown [s\src\hotspot\share\classfile\systemDictionary.cpp, line 259]
Event: 5.054 Thread 0x0000026874c5d150 Exception <a 'java/lang/ClassNotFoundException'{0x00000007482b9a98}: org/gradle/api/tasks/compile/CompileOptions_DecoratedCustomizer> (0x00000007482b9a98) 
thrown [s\src\hotspot\share\classfile\systemDictionary.cpp, line 259]
Event: 5.059 Thread 0x0000026877a8c3b0 Implicit null exception at 0x000002681bfbaf7d to 0x000002681bfbb0f8
Event: 5.070 Thread 0x0000026877a923e0 Implicit null exception at 0x000002681bf0c5ee to 0x000002681bf0c614
Event: 5.118 Thread 0x0000026877a8f140 Exception <a 'java/lang/NoSuchMethodError'{0x0000000747fc1fe0}: 'void java.lang.invoke.DirectMethodHandle$Holder.invokeStatic(java.lang.Object, long)'> (0x0000000747fc1fe0) 
thrown [s\src\hotspot\share\interpreter\linkResolver.cpp, line 759]
Event: 5.118 Thread 0x0000026877a8f140 Exception <a 'java/lang/NoSuchMethodError'{0x0000000747fc7390}: 'java.lang.Object java.lang.invoke.DirectMethodHandle$Holder.newInvokeSpecial(java.lang.Object, long)'> (0x0000000747fc7390) 
thrown [s\src\hotspot\share\interpreter\linkResolver.cpp, line 759]
Event: 5.119 Thread 0x0000026877a8f140 Exception <a 'java/lang/NoSuchMethodError'{0x0000000747fd0a58}: 'java.lang.Object java.lang.invoke.DirectMethodHandle$Holder.invokeStatic(java.lang.Object, java.lang.Object, long, java.lang.Object)'> (0x0000000747fd0a58) 
thrown [s\src\hotspot\share\interpreter\linkResolver.cpp, line 759]
Event: 5.119 Thread 0x0000026877a8f140 Exception <a 'java/lang/NoSuchMethodError'{0x0000000747fd4230}: 'java.lang.Object java.lang.invoke.DirectMethodHandle$Holder.invokeStaticInit(java.lang.Object, java.lang.Object, long, java.lang.Object)'> (0x0000000747fd4230) 
thrown [s\src\hotspot\share\interpreter\linkResolver.cpp, line 759]
Event: 5.773 Thread 0x0000026874c5d150 Exception <a 'java/lang/NoSuchMethodError'{0x0000000747ca01f0}: 'int java.lang.invoke.DirectMethodHandle$Holder.invokeSpecialIFC(java.lang.Object, java.lang.Object, java.lang.Object, java.lang.Object, java.lang.Object)'> (0x0000000747ca01f0) 
thrown [s\src\hotspot\share\interpreter\linkResolver.cpp, line 759]

VM Operations (20 events):
Event: 4.566 Executing VM operation: HandshakeAllThreads done
Event: 4.569 Executing VM operation: HandshakeAllThreads
Event: 4.570 Executing VM operation: HandshakeAllThreads done
Event: 4.640 Executing VM operation: HandshakeAllThreads
Event: 4.640 Executing VM operation: HandshakeAllThreads done
Event: 4.775 Executing VM operation: ICBufferFull
Event: 4.775 Executing VM operation: ICBufferFull done
Event: 4.868 Executing VM operation: HandshakeAllThreads
Event: 4.868 Executing VM operation: HandshakeAllThreads done
Event: 4.940 Executing VM operation: ICBufferFull
Event: 4.940 Executing VM operation: ICBufferFull done
Event: 5.063 Executing VM operation: HandshakeAllThreads
Event: 5.063 Executing VM operation: HandshakeAllThreads done
Event: 5.121 Executing VM operation: HandshakeAllThreads
Event: 5.121 Executing VM operation: HandshakeAllThreads done
Event: 5.211 Executing VM operation: HandshakeAllThreads
Event: 5.211 Executing VM operation: HandshakeAllThreads done
Event: 5.393 Executing VM operation: ICBufferFull
Event: 5.393 Executing VM operation: ICBufferFull done
Event: 5.849 Executing VM operation: G1CollectForAllocation

Memory protections (0 events):
No events

Nmethod flushes (20 events):
Event: 2.504 Thread 0x000002682dc4fc60 flushing  nmethod 0x0000026814aa4090
Event: 2.504 Thread 0x000002682dc4fc60 flushing  nmethod 0x0000026814ac6610
Event: 2.504 Thread 0x000002682dc4fc60 flushing  nmethod 0x0000026814ac8510
Event: 2.504 Thread 0x000002682dc4fc60 flushing  nmethod 0x0000026814ad5810
Event: 2.504 Thread 0x000002682dc4fc60 flushing  nmethod 0x0000026814ad8190
Event: 2.504 Thread 0x000002682dc4fc60 flushing  nmethod 0x0000026814adbc90
Event: 2.504 Thread 0x000002682dc4fc60 flushing  nmethod 0x0000026814b09f90
Event: 2.504 Thread 0x000002682dc4fc60 flushing  nmethod 0x0000026814b0bc90
Event: 2.504 Thread 0x000002682dc4fc60 flushing  nmethod 0x0000026814b0c290
Event: 2.504 Thread 0x000002682dc4fc60 flushing  nmethod 0x0000026814b0f790
Event: 2.504 Thread 0x000002682dc4fc60 flushing  nmethod 0x0000026814b0fb90
Event: 2.504 Thread 0x000002682dc4fc60 flushing  nmethod 0x0000026814b10490
Event: 2.504 Thread 0x000002682dc4fc60 flushing  nmethod 0x0000026814b10c10
Event: 2.504 Thread 0x000002682dc4fc60 flushing  nmethod 0x0000026814b11110
Event: 2.504 Thread 0x000002682dc4fc60 flushing  nmethod 0x0000026814b11610
Event: 2.504 Thread 0x000002682dc4fc60 flushing  nmethod 0x0000026814b2cb10
Event: 2.504 Thread 0x000002682dc4fc60 flushing  nmethod 0x0000026814baaf90
Event: 2.504 Thread 0x000002682dc4fc60 flushing  nmethod 0x0000026814badf10
Event: 4.872 Thread 0x000002682dc4fc60 flushing  nmethod 0x0000026814684610
Event: 4.872 Thread 0x000002682dc4fc60 flushing  nmethod 0x00000268146cd090

Events (20 events):
Event: 5.059 Thread 0x0000026877a90070 Thread added: 0x0000026877a8f650
Event: 5.059 Thread 0x0000026877a8cdd0 Thread added: 0x0000026877a8ec30
Event: 5.059 Thread 0x0000026877a90070 Thread added: 0x0000026877a8d7f0
Event: 5.059 Thread 0x0000026877a90070 Thread added: 0x0000026877a923e0
Event: 5.059 Thread 0x0000026877a923e0 Thread added: 0x0000026877a8dd00
Event: 5.059 Thread 0x0000026877a923e0 Thread added: 0x0000026877a90a90
Event: 5.060 Thread 0x0000026877a8dd00 Thread added: 0x0000026877a8b990
Event: 5.060 Thread 0x0000026877a90a90 Thread added: 0x0000026877a914b0
Event: 5.104 Thread 0x0000026874c5d150 Thread added: 0x0000026877a8f140
Event: 5.121 Thread 0x0000026877a8f140 Thread added: 0x0000026877a919c0
Event: 5.121 Thread 0x0000026877a8f140 Thread added: 0x0000026877a93310
Event: 5.215 Thread 0x00000268799d2410 Thread exited: 0x00000268799d2410
Event: 5.305 Thread 0x00000268799d1420 Thread exited: 0x00000268799d1420
Event: 5.315 Thread 0x00000268799d1ec0 Thread exited: 0x00000268799d1ec0
Event: 5.316 Thread 0x00000268799d1970 Thread exited: 0x00000268799d1970
Event: 5.316 Thread 0x00000268799d3950 Thread exited: 0x00000268799d3950
Event: 5.474 Thread 0x00000268799d3400 Thread exited: 0x00000268799d3400
Event: 5.483 Thread 0x00000268799d2eb0 Thread exited: 0x00000268799d2eb0
Event: 5.664 Thread 0x0000026873c9e8e0 Thread exited: 0x0000026873c9e8e0
Event: 5.844 Thread 0x000002682dc4d340 Thread added: 0x000002687a566210


Dynamic libraries:
0x00007ff746690000 - 0x00007ff74669e000 	C:\Users\huase\.jdks\azul-17.0.17\bin\java.exe
0x00007ffc46030000 - 0x00007ffc46228000 	C:\Windows\SYSTEM32\ntdll.dll
0x00007ffc44150000 - 0x00007ffc44212000 	C:\Windows\System32\KERNEL32.DLL
0x00007ffc43b20000 - 0x00007ffc43e16000 	C:\Windows\System32\KERNELBASE.dll
0x00007ffc43a20000 - 0x00007ffc43b20000 	C:\Windows\System32\ucrtbase.dll
0x00007ffc1ad80000 - 0x00007ffc1ad99000 	C:\Users\huase\.jdks\azul-17.0.17\bin\jli.dll
0x00007ffc1ad60000 - 0x00007ffc1ad7e000 	C:\Users\huase\.jdks\azul-17.0.17\bin\VCRUNTIME140.dll
0x00007ffc45800000 - 0x00007ffc4599d000 	C:\Windows\System32\USER32.dll
0x00007ffc43830000 - 0x00007ffc43852000 	C:\Windows\System32\win32u.dll
0x00007ffc2cfd0000 - 0x00007ffc2d26b000 	C:\Windows\WinSxS\amd64_microsoft.windows.common-controls_6595b64144ccf1df_6.0.19041.6280_none_60bc30a171f2f3f3\COMCTL32.dll
0x00007ffc44550000 - 0x00007ffc4457b000 	C:\Windows\System32\GDI32.dll
0x00007ffc44280000 - 0x00007ffc4431e000 	C:\Windows\System32\msvcrt.dll
0x00007ffc43ea0000 - 0x00007ffc43fb9000 	C:\Windows\System32\gdi32full.dll
0x00007ffc43fc0000 - 0x00007ffc4405d000 	C:\Windows\System32\msvcp_win.dll
0x00007ffc44860000 - 0x00007ffc4488f000 	C:\Windows\System32\IMM32.DLL
0x00007ffc1e070000 - 0x00007ffc1e07c000 	C:\Users\huase\.jdks\azul-17.0.17\bin\vcruntime140_1.dll
0x00007ffbf8f30000 - 0x00007ffbf8fbd000 	C:\Users\huase\.jdks\azul-17.0.17\bin\msvcp140.dll
0x00007ffbf33e0000 - 0x00007ffbf4054000 	C:\Users\huase\.jdks\azul-17.0.17\bin\server\jvm.dll
0x00007ffc45080000 - 0x00007ffc45131000 	C:\Windows\System32\ADVAPI32.dll
0x00007ffc45d00000 - 0x00007ffc45d9f000 	C:\Windows\System32\sechost.dll
0x00007ffc45e00000 - 0x00007ffc45f20000 	C:\Windows\System32\RPCRT4.dll
0x00007ffc43910000 - 0x00007ffc43937000 	C:\Windows\System32\bcrypt.dll
0x00007ffc45010000 - 0x00007ffc4507b000 	C:\Windows\System32\WS2_32.dll
0x00007ffc430b0000 - 0x00007ffc430fb000 	C:\Windows\SYSTEM32\POWRPROF.dll
0x00007ffc3dff0000 - 0x00007ffc3dffa000 	C:\Windows\SYSTEM32\VERSION.dll
0x00007ffc3c150000 - 0x00007ffc3c177000 	C:\Windows\SYSTEM32\WINMM.dll
0x00007ffc43040000 - 0x00007ffc43052000 	C:\Windows\SYSTEM32\UMPDC.dll
0x00007ffc41570000 - 0x00007ffc41582000 	C:\Windows\SYSTEM32\kernel.appcore.dll
0x00007ffc1deb0000 - 0x00007ffc1deba000 	C:\Users\huase\.jdks\azul-17.0.17\bin\jimage.dll
0x00007ffc3aad0000 - 0x00007ffc3acd1000 	C:\Windows\SYSTEM32\DBGHELP.DLL
0x00007ffc2cc40000 - 0x00007ffc2cc74000 	C:\Windows\SYSTEM32\dbgcore.DLL
0x00007ffc43990000 - 0x00007ffc43a12000 	C:\Windows\System32\bcryptPrimitives.dll
0x00007ffc1dbd0000 - 0x00007ffc1dbde000 	C:\Users\huase\.jdks\azul-17.0.17\bin\instrument.dll
0x00007ffc18010000 - 0x00007ffc18035000 	C:\Users\huase\.jdks\azul-17.0.17\bin\java.dll
0x00007ffbf8e30000 - 0x00007ffbf8f07000 	C:\Users\huase\.jdks\azul-17.0.17\bin\jsvml.dll
0x00007ffc44890000 - 0x00007ffc45000000 	C:\Windows\System32\SHELL32.dll
0x00007ffc41770000 - 0x00007ffc41f15000 	C:\Windows\SYSTEM32\windows.storage.dll
0x00007ffc459a0000 - 0x00007ffc45cf3000 	C:\Windows\System32\combase.dll
0x00007ffc43100000 - 0x00007ffc4312b000 	C:\Windows\SYSTEM32\Wldp.dll
0x00007ffc45f20000 - 0x00007ffc45fed000 	C:\Windows\System32\OLEAUT32.dll
0x00007ffc446d0000 - 0x00007ffc4477d000 	C:\Windows\System32\SHCORE.dll
0x00007ffc44060000 - 0x00007ffc440bb000 	C:\Windows\System32\shlwapi.dll
0x00007ffc43600000 - 0x00007ffc43624000 	C:\Windows\SYSTEM32\profapi.dll
0x00007ffc17750000 - 0x00007ffc17768000 	C:\Users\huase\.jdks\azul-17.0.17\bin\zip.dll
0x00007ffc17730000 - 0x00007ffc17749000 	C:\Users\huase\.jdks\azul-17.0.17\bin\net.dll
0x00007ffc3da30000 - 0x00007ffc3db3a000 	C:\Windows\SYSTEM32\WINHTTP.dll
0x00007ffc42df0000 - 0x00007ffc42e5a000 	C:\Windows\system32\mswsock.dll
0x00007ffc02a40000 - 0x00007ffc02a56000 	C:\Users\huase\.jdks\azul-17.0.17\bin\nio.dll
0x00007ffc1db70000 - 0x00007ffc1db80000 	C:\Users\huase\.jdks\azul-17.0.17\bin\verify.dll
0x00007ffc1b130000 - 0x00007ffc1b157000 	D:\gradle\user\native\68d5fa5c4cc2d200863cafc0d521ce42e7d3e7ee720ec0a83991735586a16f82\windows-amd64\native-platform.dll
0x00007ffbf5a40000 - 0x00007ffbf5b84000 	D:\gradle\user\native\e376f236ea51e6404a007f0833ffe2c6e607c4080706a723a18a27aeea778392\windows-amd64\native-platform-file-events.dll
0x00007ffc1d750000 - 0x00007ffc1d759000 	C:\Users\huase\.jdks\azul-17.0.17\bin\management.dll
0x00007ffc1cd50000 - 0x00007ffc1cd5b000 	C:\Users\huase\.jdks\azul-17.0.17\bin\management_ext.dll
0x00007ffc440c0000 - 0x00007ffc440c8000 	C:\Windows\System32\PSAPI.DLL
0x00007ffc42ff0000 - 0x00007ffc43008000 	C:\Windows\SYSTEM32\CRYPTSP.dll
0x00007ffc426b0000 - 0x00007ffc426e8000 	C:\Windows\system32\rsaenh.dll
0x00007ffc43580000 - 0x00007ffc435ae000 	C:\Windows\SYSTEM32\USERENV.dll
0x00007ffc42fe0000 - 0x00007ffc42fec000 	C:\Windows\SYSTEM32\CRYPTBASE.dll
0x00007ffc42a70000 - 0x00007ffc42aab000 	C:\Windows\SYSTEM32\IPHLPAPI.DLL
0x00007ffc45760000 - 0x00007ffc45768000 	C:\Windows\System32\NSI.dll
0x00007ffc3de20000 - 0x00007ffc3de37000 	C:\Windows\SYSTEM32\dhcpcsvc6.DLL
0x00007ffc3e0b0000 - 0x00007ffc3e0cd000 	C:\Windows\SYSTEM32\dhcpcsvc.DLL
0x00007ffc42ab0000 - 0x00007ffc42b7a000 	C:\Windows\SYSTEM32\DNSAPI.dll
0x00007ffc1c3f0000 - 0x00007ffc1c3f9000 	C:\Users\huase\.jdks\azul-17.0.17\bin\extnet.dll
0x00007ffc1b1d0000 - 0x00007ffc1b1de000 	C:\Users\huase\.jdks\azul-17.0.17\bin\sunmscapi.dll
0x00007ffc436d0000 - 0x00007ffc4382d000 	C:\Windows\System32\CRYPT32.dll
0x00007ffc43170000 - 0x00007ffc43197000 	C:\Windows\SYSTEM32\ncrypt.dll
0x00007ffc43130000 - 0x00007ffc4316b000 	C:\Windows\SYSTEM32\NTASN1.dll
0x00007ffc20180000 - 0x00007ffc20187000 	C:\Windows\system32\wshunix.dll
0x00007ffc34070000 - 0x00007ffc3407a000 	C:\Windows\System32\rasadhlp.dll
0x00007ffc38580000 - 0x00007ffc38600000 	C:\Windows\System32\fwpuclnt.dll

dbghelp: loaded successfully - version: 4.0.5 - missing functions: none
symbol engine: initialized successfully - sym options: 0x614 - pdb path: .;C:\Users\huase\.jdks\azul-17.0.17\bin;C:\Windows\SYSTEM32;C:\Windows\WinSxS\amd64_microsoft.windows.common-controls_6595b64144ccf1df_6.0.19041.6280_none_60bc30a171f2f3f3;C:\Users\huase\.jdks\azul-17.0.17\bin\server;D:\gradle\user\native\68d5fa5c4cc2d200863cafc0d521ce42e7d3e7ee720ec0a83991735586a16f82\windows-amd64;D:\gradle\user\native\e376f236ea51e6404a007f0833ffe2c6e607c4080706a723a18a27aeea778392\windows-amd64

VM Arguments:
jvm_args: -Dfile.encoding=UTF-8 --add-opens=java.base/java.util=ALL-UNNAMED --add-opens=java.base/java.lang=ALL-UNNAMED --add-opens=java.base/java.lang.invoke=ALL-UNNAMED --add-opens=java.prefs/java.util.prefs=ALL-UNNAMED --add-opens=java.base/java.nio.charset=ALL-UNNAMED --add-opens=java.base/java.net=ALL-UNNAMED --add-opens=java.base/java.util.concurrent.atomic=ALL-UNNAMED -Xmx3G -Dfile.encoding=utf-8 -Duser.country=CN -Duser.language=zh -Duser.variant -javaagent:D:\gradle\gradle-8.1.1-bin\9wiye5v2saajue4irfo8ybqfp\gradle-8.1.1\lib\agents\gradle-instrumentation-agent-8.1.1.jar 
java_command: org.gradle.launcher.daemon.bootstrap.GradleDaemon 8.1.1
java_class_path (initial): D:\gradle\gradle-8.1.1-bin\9wiye5v2saajue4irfo8ybqfp\gradle-8.1.1\lib\gradle-launcher-8.1.1.jar
Launcher Type: SUN_STANDARD

[Global flags]
     intx CICompilerCount                          = 12                                        {product} {ergonomic}
     uint ConcGCThreads                            = 3                                         {product} {ergonomic}
     uint G1ConcRefinementThreads                  = 13                                        {product} {ergonomic}
   size_t G1HeapRegionSize                         = 2097152                                   {product} {ergonomic}
    uintx GCDrainStackTargetSize                   = 64                                        {product} {ergonomic}
   size_t InitialHeapSize                          = 534773760                                 {product} {ergonomic}
   size_t MarkStackSize                            = 4194304                                   {product} {ergonomic}
   size_t MaxHeapSize                              = 3221225472                                {product} {command line}
   size_t MaxNewSize                               = 1931476992                                {product} {ergonomic}
   size_t MinHeapDeltaBytes                        = 2097152                                   {product} {ergonomic}
   size_t MinHeapSize                              = 8388608                                   {product} {ergonomic}
    uintx NonNMethodCodeHeapSize                   = 7602480                                {pd product} {ergonomic}
    uintx NonProfiledCodeHeapSize                  = 122027880                              {pd product} {ergonomic}
    uintx ProfiledCodeHeapSize                     = 122027880                              {pd product} {ergonomic}
    uintx ReservedCodeCacheSize                    = 251658240                              {pd product} {ergonomic}
     bool SegmentedCodeCache                       = true                                      {product} {ergonomic}
   size_t SoftMaxHeapSize                          = 3221225472                             {manageable} {ergonomic}
     bool UseCompressedClassPointers               = true                           {product lp64_product} {ergonomic}
     bool UseCompressedOops                        = true                           {product lp64_product} {ergonomic}
     bool UseG1GC                                  = true                                      {product} {ergonomic}
     bool UseLargePagesIndividualAllocation        = false                                  {pd product} {ergonomic}

Logging:
Log output configuration:
 #0: stdout all=warning uptime,level,tags
 #1: stderr all=off uptime,level,tags

Environment Variables:
JAVA_HOME=C:\Users\huase\.jdks\ms-17.0.16
JAVA_TOOL_OPTIONS=-Dfile.encoding=UTF-8
PATH=C:\Python27\;C:\Python27\Scripts;xC:\Program Files (x86)\Common Files\Oracle\Java\javapath;C:\Windows\system32;C:\Windows;C:\Windows\System32\Wbem;C:\Windows\System32\WindowsPowerShell\v1.0\;C:\Windows\System32\OpenSSH\;C:\Users\huase\.jdks\ms-17.0.16\bin;C:\Program Files\Bandizip\;%GRADLE_HOME%\gradle-8.1.1-bin\9wiye5v2saajue4irfo8ybqfp\gradle-8.1.1\bin;C:\Program Files\dotnet\;C:\Users\huase\AppData\Local\Microsoft\WindowsApps;;D:\IntelliJ IDEA 2023.1\bin;
USERNAME=huase
OS=Windows_NT
PROCESSOR_IDENTIFIER=Intel64 Family 6 Model 191 Stepping 2, GenuineIntel
TMP=C:\Users\huase\AppData\Local\Temp
TEMP=C:\Users\huase\AppData\Local\Temp



Periodic native trim disabled


---------------  S Y S T E M  ---------------

OS:
 Windows 10 , 64 bit Build 19041 (10.0.19041.5915)
OS uptime: 2 days 4:57 hours

CPU: total 16 (initial active 16) (8 cores per cpu, 2 threads per core) family 6 model 191 stepping 2 microcode 0x2c, cx8, cmov, fxsr, ht, mmx, 3dnowpref, sse, sse2, sse3, ssse3, sse4.1, sse4.2, popcnt, lzcnt, tsc, tscinvbit, avx, avx2, aes, erms, clmul, bmi1, bmi2, adx, sha, fma, vzeroupper, clflush, clflushopt, clwb
Processor Information for all 16 processors :
  Max Mhz: 2500, Current Mhz: 2500, Mhz Limit: 2500

Memory: 4k page, system-wide physical 32605M (23953M free)
TotalPageFile size 34653M (AvailPageFile size 25556M)
current process WorkingSet (physical memory assigned to process): 475M, peak: 511M
current process commit charge ("private bytes"): 568M, peak: 739M

vm_info: OpenJDK 64-Bit Server VM (17.0.17+10-LTS) for windows-amd64 JRE (17.0.17+10-LTS) (Zulu17.62+17-CA), built on Oct  4 2025 14:54:09 by "zulu_re" with MS VC++ 16.10 / 16.11 (VS2019)

END.
